0 verbose cli C:\Program Files (x86)\nodejs\node.exe C:\Program Files (x86)\nodejs\node_modules\npm\bin\npm-cli.js
1 info using npm@10.2.3
2 info using node@v18.19.0
3 timing npm:load:whichnode Completed in 2ms
4 timing config:load:defaults Completed in 2ms
5 timing config:load:file:C:\Program Files (x86)\nodejs\node_modules\npm\npmrc Completed in 4ms
6 timing config:load:builtin Completed in 4ms
7 timing config:load:cli Completed in 2ms
8 timing config:load:env Completed in 1ms
9 timing config:load:file:C:\Users\ive minutes\Desktop\ok\.npmrc Completed in 0ms
10 timing config:load:project Completed in 2ms
11 timing config:load:file:C:\Users\ive minutes\.npmrc Completed in 2ms
12 timing config:load:user Completed in 2ms
13 timing config:load:file:C:\Program Files (x86)\nodejs\node_global\etc\npmrc Completed in 0ms
14 timing config:load:global Completed in 0ms
15 timing config:load:setEnvs Completed in 1ms
16 timing config:load Completed in 14ms
17 timing npm:load:configload Completed in 14ms
18 timing config:load:flatten Completed in 2ms
19 timing npm:load:mkdirpcache Completed in 1ms
20 timing npm:load:mkdirplogs Completed in 1ms
21 verbose title npm rebuild esbuild
22 verbose argv "rebuild" "esbuild" "--cache" ".npm-cache"
23 timing npm:load:setTitle Completed in 1ms
24 timing npm:load:display Completed in 0ms
25 verbose logfile logs-max:10 dir:C:\Users\ive minutes\Desktop\ok\.npm-cache\_logs\2026-04-22T13_00_51_741Z-
26 verbose logfile C:\Users\ive minutes\Desktop\ok\.npm-cache\_logs\2026-04-22T13_00_51_741Z-debug-0.log
27 timing npm:load:logFile Completed in 11ms
28 timing npm:load:timers Completed in 0ms
29 timing npm:load:configScope Completed in 1ms
30 timing npm:load Completed in 64ms
31 timing arborist:ctor Completed in 0ms
32 silly logfile done cleaning log files
33 timing arborist:ctor Completed in 0ms
34 timing build:queue Completed in 2ms
35 timing build:link:node_modules/esbuild Completed in 10ms
36 timing build:link Completed in 10ms
37 info run esbuild@0.12.25 postinstall node_modules/esbuild node install.js
38 info run esbuild@0.12.25 postinstall { code: 0, signal: null }
39 timing build:run:postinstall:node_modules/esbuild Completed in 1453ms
40 timing build:run:postinstall Completed in 1453ms
41 timing build:deps Completed in 1465ms
42 timing build Completed in 1465ms
43 timing command:rebuild Completed in 1712ms
44 verbose exit 0
45 timing npm Completed in 1899ms
46 info ok
