0 verbose cli C:\Program Files (x86)\nodejs\node.exe C:\Program Files (x86)\nodejs\node_modules\npm\bin\npm-cli.js
1 info using npm@10.2.3
2 info using node@v18.19.0
3 timing npm:load:whichnode Completed in 2ms
4 timing config:load:defaults Completed in 1ms
5 timing config:load:file:C:\Program Files (x86)\nodejs\node_modules\npm\npmrc Completed in 3ms
6 timing config:load:builtin Completed in 3ms
7 timing config:load:cli Completed in 2ms
8 timing config:load:env Completed in 1ms
9 timing config:load:file:C:\Users\ive minutes\Desktop\ok\.npmrc Completed in 0ms
10 timing config:load:project Completed in 2ms
11 timing config:load:file:C:\Users\ive minutes\.npmrc Completed in 2ms
12 timing config:load:user Completed in 2ms
13 timing config:load:file:C:\Program Files (x86)\nodejs\node_global\etc\npmrc Completed in 0ms
14 timing config:load:global Completed in 0ms
15 timing config:load:setEnvs Completed in 1ms
16 timing config:load Completed in 13ms
17 timing npm:load:configload Completed in 13ms
18 timing config:load:flatten Completed in 2ms
19 timing npm:load:mkdirpcache Completed in 1ms
20 timing npm:load:mkdirplogs Completed in 1ms
21 verbose title npm install vue-router@4
22 verbose argv "install" "vue-router@4" "--cache" ".npm-cache"
23 timing npm:load:setTitle Completed in 1ms
24 timing npm:load:display Completed in 1ms
25 verbose logfile logs-max:10 dir:C:\Users\ive minutes\Desktop\ok\.npm-cache\_logs\2026-04-22T12_52_52_429Z-
26 verbose logfile C:\Users\ive minutes\Desktop\ok\.npm-cache\_logs\2026-04-22T12_52_52_429Z-debug-0.log
27 timing npm:load:logFile Completed in 8ms
28 timing npm:load:timers Completed in 0ms
29 timing npm:load:configScope Completed in 1ms
30 timing npm:load Completed in 61ms
31 timing arborist:ctor Completed in 1ms
32 silly logfile done cleaning log files
33 timing idealTree:init Completed in 31ms
34 timing idealTree:userRequests Completed in 2ms
35 silly idealTree buildDeps
36 silly fetch manifest vue-router@4
37 http fetch GET 200 https://registry.npmmirror.com/npm 343ms (cache miss)
38 http fetch GET 200 https://registry.npmmirror.com/vue-router 289ms (cache miss)
39 silly fetch manifest vue@^3.2.8
40 http fetch GET 200 https://registry.npmmirror.com/vue 105ms (cache miss)
41 silly fetch manifest typescript@*
42 http fetch GET 200 https://registry.npmmirror.com/typescript 178ms (cache miss)
43 silly placeDep ROOT vue-router@4.6.4 OK for: vue3_cli_default@0.0.0 want: 4
44 silly placeDep ROOT vue@3.5.33 REPLACE for: vue-router@4.6.4 want: ^3.5.0
45 silly fetch manifest @vue/devtools-api@^6.6.4
46 silly fetch manifest @vue/shared@3.5.33
47 silly fetch manifest @vue/compiler-dom@3.5.33
48 silly fetch manifest @vue/runtime-dom@3.5.33
49 silly fetch manifest @vue/compiler-sfc@3.5.33
50 silly fetch manifest @vue/server-renderer@3.5.33
51 http fetch GET 200 https://registry.npmmirror.com/@vue%2fshared 74ms (cache miss)
52 http fetch GET 200 https://registry.npmmirror.com/@vue%2fdevtools-api 111ms (cache miss)
53 http fetch GET 200 https://registry.npmmirror.com/@vue%2fcompiler-dom 239ms (cache miss)
54 http fetch GET 200 https://registry.npmmirror.com/@vue%2fserver-renderer 270ms (cache miss)
55 http fetch GET 200 https://registry.npmmirror.com/@vue%2fcompiler-sfc 274ms (cache miss)
56 http fetch GET 200 https://registry.npmmirror.com/@vue%2fruntime-dom 280ms (cache miss)
57 timing idealTree:#root Completed in 908ms
58 silly fetch manifest vue@3.5.33
59 silly placeDep node_modules/vue @vue/compiler-dom@3.5.33 OK for: vue@3.5.33 want: 3.5.33
60 silly fetch manifest @vue/compiler-core@3.5.33
61 silly placeDep ROOT @vue/compiler-sfc@3.5.33 REPLACE for: vue@3.5.33 want: 3.5.33
62 silly fetch manifest @babel/parser@^7.29.2
63 silly fetch manifest estree-walker@^2.0.2
64 silly fetch manifest magic-string@^0.30.21
65 silly fetch manifest postcss@^8.5.10
66 silly fetch manifest source-map-js@^1.2.1
67 silly fetch manifest @vue/compiler-ssr@3.5.33
68 silly placeDep ROOT @vue/runtime-dom@3.5.33 OK for: vue@3.5.33 want: 3.5.33
69 silly fetch manifest csstype@^3.2.3
70 silly fetch manifest @vue/runtime-core@3.5.33
71 silly fetch manifest @vue/reactivity@3.5.33
72 silly placeDep ROOT @vue/server-renderer@3.5.33 OK for: vue@3.5.33 want: 3.5.33
73 silly placeDep ROOT @vue/shared@3.5.33 OK for: vue@3.5.33 want: 3.5.33
74 http fetch GET 200 https://registry.npmmirror.com/source-map-js 100ms (cache miss)
75 http fetch GET 200 https://registry.npmmirror.com/estree-walker 102ms (cache miss)
76 http fetch GET 200 https://registry.npmmirror.com/magic-string 104ms (cache miss)
77 http fetch GET 200 https://registry.npmmirror.com/@vue%2fcompiler-core 138ms (cache miss)
78 http fetch GET 200 https://registry.npmmirror.com/postcss 133ms (cache miss)
79 http fetch GET 200 https://registry.npmmirror.com/@babel%2fparser 140ms (cache miss)
80 http fetch GET 200 https://registry.npmmirror.com/csstype 198ms (cache miss)
81 http fetch GET 200 https://registry.npmmirror.com/@vue%2freactivity 226ms (cache miss)
82 http fetch GET 200 https://registry.npmmirror.com/@vue%2fcompiler-ssr 248ms (cache miss)
83 http fetch GET 200 https://registry.npmmirror.com/@vue%2fruntime-core 253ms (cache miss)
84 timing idealTree:node_modules/vue Completed in 270ms
85 silly placeDep ROOT @babel/parser@7.29.2 OK for: @vue/compiler-sfc@3.5.33 want: ^7.29.2
86 silly fetch manifest @babel/types@^7.29.0
87 silly placeDep ROOT @vue/compiler-core@3.5.33 OK for: @vue/compiler-sfc@3.5.33 want: 3.5.33
88 silly fetch manifest entities@^7.0.1
89 silly placeDep ROOT @vue/compiler-dom@3.5.33 OK for: @vue/compiler-sfc@3.5.33 want: 3.5.33
90 silly placeDep ROOT @vue/compiler-ssr@3.5.33 OK for: @vue/compiler-sfc@3.5.33 want: 3.5.33
91 silly placeDep ROOT estree-walker@2.0.2 OK for: @vue/compiler-sfc@3.5.33 want: ^2.0.2
92 silly placeDep ROOT magic-string@0.30.21 OK for: @vue/compiler-sfc@3.5.33 want: ^0.30.21
93 silly fetch manifest @jridgewell/sourcemap-codec@^1.5.5
94 silly placeDep ROOT postcss@8.5.10 REPLACE for: @vue/compiler-sfc@3.5.33 want: ^8.5.10
95 silly fetch manifest nanoid@^3.3.11
96 silly fetch manifest picocolors@^1.1.1
97 silly placeDep ROOT source-map-js@1.2.1 OK for: @vue/compiler-sfc@3.5.33 want: ^1.2.1
98 http fetch GET 200 https://registry.npmmirror.com/nanoid 52ms (cache miss)
99 http fetch GET 200 https://registry.npmmirror.com/@babel%2ftypes 68ms (cache miss)
100 http fetch GET 200 https://registry.npmmirror.com/@jridgewell%2fsourcemap-codec 70ms (cache miss)
101 http fetch GET 200 https://registry.npmmirror.com/entities 76ms (cache miss)
102 http fetch GET 200 https://registry.npmmirror.com/picocolors 89ms (cache miss)
103 timing idealTree:node_modules/@vue/compiler-sfc Completed in 104ms
104 silly placeDep ROOT @babel/types@7.29.0 OK for: @babel/parser@7.29.2 want: ^7.29.0
105 silly fetch manifest @babel/helper-string-parser@^7.27.1
106 silly fetch manifest @babel/helper-validator-identifier@^7.28.5
107 http fetch GET 200 https://registry.npmmirror.com/@babel%2fhelper-validator-identifier 65ms (cache miss)
108 http fetch GET 200 https://registry.npmmirror.com/@babel%2fhelper-string-parser 77ms (cache miss)
109 timing idealTree:node_modules/@babel/parser Completed in 80ms
110 silly placeDep ROOT @babel/helper-string-parser@7.27.1 OK for: @babel/types@7.29.0 want: ^7.27.1
111 silly placeDep ROOT @babel/helper-validator-identifier@7.28.5 OK for: @babel/types@7.29.0 want: ^7.28.5
112 timing idealTree:node_modules/@babel/types Completed in 2ms
113 timing idealTree:node_modules/@babel/helper-string-parser Completed in 1ms
114 timing idealTree:node_modules/@babel/helper-validator-identifier Completed in 0ms
115 silly placeDep ROOT entities@7.0.1 OK for: @vue/compiler-core@3.5.33 want: ^7.0.1
116 timing idealTree:node_modules/@vue/compiler-core Completed in 1ms
117 timing idealTree:node_modules/@vue/compiler-dom Completed in 0ms
118 timing idealTree:node_modules/@vue/compiler-ssr Completed in 0ms
119 silly placeDep ROOT @vue/reactivity@3.5.33 OK for: @vue/runtime-dom@3.5.33 want: 3.5.33
120 silly placeDep ROOT @vue/runtime-core@3.5.33 OK for: @vue/runtime-dom@3.5.33 want: 3.5.33
121 silly placeDep ROOT csstype@3.2.3 OK for: @vue/runtime-dom@3.5.33 want: ^3.2.3
122 timing idealTree:node_modules/@vue/runtime-dom Completed in 2ms
123 timing idealTree:node_modules/@vue/reactivity Completed in 0ms
124 timing idealTree:node_modules/@vue/runtime-core Completed in 0ms
125 timing idealTree:node_modules/@vue/server-renderer Completed in 0ms
126 timing idealTree:node_modules/@vue/shared Completed in 0ms
127 timing idealTree:node_modules/csstype Completed in 0ms
128 timing idealTree:node_modules/entities Completed in 0ms
129 timing idealTree:node_modules/estree-walker Completed in 0ms
130 silly placeDep ROOT @jridgewell/sourcemap-codec@1.5.5 OK for: magic-string@0.30.21 want: ^1.5.5
131 timing idealTree:node_modules/magic-string Completed in 0ms
132 timing idealTree:node_modules/@jridgewell/sourcemap-codec Completed in 0ms
133 silly placeDep ROOT nanoid@3.3.11 OK for: postcss@8.5.10 want: ^3.3.11
134 silly placeDep ROOT picocolors@1.1.1 OK for: postcss@8.5.10 want: ^1.1.1
135 timing idealTree:node_modules/postcss Completed in 1ms
136 timing idealTree:node_modules/nanoid Completed in 0ms
137 timing idealTree:node_modules/picocolors Completed in 0ms
138 timing idealTree:node_modules/source-map-js Completed in 0ms
139 silly placeDep ROOT @vue/devtools-api@6.6.4 OK for: vue-router@4.6.4 want: ^6.6.4
140 timing idealTree:node_modules/vue-router Completed in 1ms
141 timing idealTree:node_modules/@vue/devtools-api Completed in 0ms
142 timing idealTree:buildDeps Completed in 1373ms
143 timing idealTree:fixDepFlags Completed in 1ms
144 timing idealTree Completed in 1409ms
145 timing reify:loadTrees Completed in 1409ms
146 timing reify:diffTrees Completed in 2ms
147 silly reify mark retired [ 'C:\\Users\\ive minutes\\Desktop\\ok\\node_modules\\big.js' ]
148 silly reify mark retired [ 'C:\\Users\\ive minutes\\Desktop\\ok\\node_modules\\cssesc' ]
149 silly reify mark retired [ 'C:\\Users\\ive minutes\\Desktop\\ok\\node_modules\\consolidate' ]
150 silly reify mark retired [ 'C:\\Users\\ive minutes\\Desktop\\ok\\node_modules\\csstype' ]
151 silly reify mark retired [ 'C:\\Users\\ive minutes\\Desktop\\ok\\node_modules\\emojis-list' ]
152 silly reify mark retired [ 'C:\\Users\\ive minutes\\Desktop\\ok\\node_modules\\colorette' ]
153 silly reify mark retired [ 'C:\\Users\\ive minutes\\Desktop\\ok\\node_modules\\esbuild' ]
154 silly reify mark retired [ 'C:\\Users\\ive minutes\\Desktop\\ok\\node_modules\\bluebird' ]
155 silly reify mark retired [ 'C:\\Users\\ive minutes\\Desktop\\ok\\node_modules\\fsevents' ]
156 silly reify mark retired [ 'C:\\Users\\ive minutes\\Desktop\\ok\\node_modules\\hash-sum' ]
157 silly reify mark retired [ 'C:\\Users\\ive minutes\\Desktop\\ok\\node_modules\\function-bind' ]
158 silly reify mark retired [ 'C:\\Users\\ive minutes\\Desktop\\ok\\node_modules\\has' ]
159 silly reify mark retired [ 'C:\\Users\\ive minutes\\Desktop\\ok\\node_modules\\generic-names' ]
160 silly reify mark retired [
160 silly reify   'C:\\Users\\ive minutes\\Desktop\\ok\\node_modules\\icss-replace-symbols'
160 silly reify ]
161 silly reify mark retired [ 'C:\\Users\\ive minutes\\Desktop\\ok\\node_modules\\icss-utils' ]
162 silly reify mark retired [ 'C:\\Users\\ive minutes\\Desktop\\ok\\node_modules\\is-core-module' ]
163 silly reify mark retired [
163 silly reify   'C:\\Users\\ive minutes\\Desktop\\ok\\node_modules\\lodash.camelcase'
163 silly reify ]
164 silly reify mark retired [ 'C:\\Users\\ive minutes\\Desktop\\ok\\node_modules\\loader-utils' ]
165 silly reify mark retired [ 'C:\\Users\\ive minutes\\Desktop\\ok\\node_modules\\json5' ]
166 silly reify mark retired [ 'C:\\Users\\ive minutes\\Desktop\\ok\\node_modules\\magic-string' ]
167 silly reify mark retired [
167 silly reify   'C:\\Users\\ive minutes\\Desktop\\ok\\node_modules\\merge-source-map'
167 silly reify ]
168 silly reify mark retired [ 'C:\\Users\\ive minutes\\Desktop\\ok\\node_modules\\nanoid' ]
169 silly reify mark retired [ 'C:\\Users\\ive minutes\\Desktop\\ok\\node_modules\\minimist' ]
170 silly reify mark retired [ 'C:\\Users\\ive minutes\\Desktop\\ok\\node_modules\\postcss' ]
171 silly reify mark retired [
171 silly reify   'C:\\Users\\ive minutes\\Desktop\\ok\\node_modules\\postcss-modules'
171 silly reify ]
172 silly reify mark retired [
172 silly reify   'C:\\Users\\ive minutes\\Desktop\\ok\\node_modules\\postcss-modules-local-by-default'
172 silly reify ]
173 silly reify mark retired [
173 silly reify   'C:\\Users\\ive minutes\\Desktop\\ok\\node_modules\\postcss-modules-extract-imports'
173 silly reify ]
174 silly reify mark retired [
174 silly reify   'C:\\Users\\ive minutes\\Desktop\\ok\\node_modules\\postcss-modules-values'
174 silly reify ]
175 silly reify mark retired [
175 silly reify   'C:\\Users\\ive minutes\\Desktop\\ok\\node_modules\\postcss-modules-scope'
175 silly reify ]
176 silly reify mark retired [
176 silly reify   'C:\\Users\\ive minutes\\Desktop\\ok\\node_modules\\postcss-selector-parser'
176 silly reify ]
177 silly reify mark retired [ 'C:\\Users\\ive minutes\\Desktop\\ok\\node_modules\\resolve' ]
178 silly reify mark retired [
178 silly reify   'C:\\Users\\ive minutes\\Desktop\\ok\\node_modules\\postcss-value-parser'
178 silly reify ]
179 silly reify mark retired [ 'C:\\Users\\ive minutes\\Desktop\\ok\\node_modules\\rollup' ]
180 silly reify mark retired [ 'C:\\Users\\ive minutes\\Desktop\\ok\\node_modules\\source-map' ]
181 silly reify mark retired [ 'C:\\Users\\ive minutes\\Desktop\\ok\\node_modules\\source-map-js' ]
182 silly reify mark retired [ 'C:\\Users\\ive minutes\\Desktop\\ok\\node_modules\\string-hash' ]
183 silly reify mark retired [
183 silly reify   'C:\\Users\\ive minutes\\Desktop\\ok\\node_modules\\to-fast-properties'
183 silly reify ]
184 silly reify mark retired [
184 silly reify   'C:\\Users\\ive minutes\\Desktop\\ok\\node_modules\\sourcemap-codec'
184 silly reify ]
185 silly reify mark retired [ 'C:\\Users\\ive minutes\\Desktop\\ok\\node_modules\\util-deprecate' ]
186 silly reify mark retired [ 'C:\\Users\\ive minutes\\Desktop\\ok\\node_modules\\vue' ]
187 silly reify mark retired [ 'C:\\Users\\ive minutes\\Desktop\\ok\\node_modules\\vite' ]
188 silly reify mark retired [ 'C:\\Users\\ive minutes\\Desktop\\ok\\node_modules\\@babel\\parser' ]
189 silly reify mark retired [
189 silly reify   'C:\\Users\\ive minutes\\Desktop\\ok\\node_modules\\@babel\\helper-validator-identifier'
189 silly reify ]
190 silly reify mark retired [ 'C:\\Users\\ive minutes\\Desktop\\ok\\node_modules\\@babel\\types' ]
191 silly reify mark retired [ 'C:\\Users\\ive minutes\\Desktop\\ok\\node_modules\\@types\\estree' ]
192 silly reify mark retired [
192 silly reify   'C:\\Users\\ive minutes\\Desktop\\ok\\node_modules\\@vitejs\\plugin-vue'
192 silly reify ]
193 silly reify mark retired [
193 silly reify   'C:\\Users\\ive minutes\\Desktop\\ok\\node_modules\\@vue\\compiler-core'
193 silly reify ]
194 silly reify mark retired [
194 silly reify   'C:\\Users\\ive minutes\\Desktop\\ok\\node_modules\\@vue\\compiler-dom'
194 silly reify ]
195 silly reify mark retired [
195 silly reify   'C:\\Users\\ive minutes\\Desktop\\ok\\node_modules\\@vue\\compiler-ssr'
195 silly reify ]
196 silly reify mark retired [
196 silly reify   'C:\\Users\\ive minutes\\Desktop\\ok\\node_modules\\@vue\\compiler-sfc'
196 silly reify ]
197 silly reify mark retired [
197 silly reify   'C:\\Users\\ive minutes\\Desktop\\ok\\node_modules\\@vue\\reactivity'
197 silly reify ]
198 silly reify mark retired [
198 silly reify   'C:\\Users\\ive minutes\\Desktop\\ok\\node_modules\\@vue\\ref-transform'
198 silly reify ]
199 silly reify mark retired [
199 silly reify   'C:\\Users\\ive minutes\\Desktop\\ok\\node_modules\\@vue\\runtime-core'
199 silly reify ]
200 silly reify mark retired [ 'C:\\Users\\ive minutes\\Desktop\\ok\\node_modules\\@vue\\shared' ]
201 silly reify mark retired [
201 silly reify   'C:\\Users\\ive minutes\\Desktop\\ok\\node_modules\\@vue\\runtime-dom'
201 silly reify ]
202 silly reify mark retired [ 'C:\\Users\\ive minutes\\Desktop\\ok\\node_modules\\lru-cache' ]
203 silly reify mark retired [ 'C:\\Users\\ive minutes\\Desktop\\ok\\node_modules\\yallist' ]
204 silly reify moves {
204 silly reify   'C:\\Users\\ive minutes\\Desktop\\ok\\node_modules\\big.js': 'C:\\Users\\ive minutes\\Desktop\\ok\\node_modules\\.big.js-iDy8j3Ea',
204 silly reify   'C:\\Users\\ive minutes\\Desktop\\ok\\node_modules\\cssesc': 'C:\\Users\\ive minutes\\Desktop\\ok\\node_modules\\.cssesc-3Fw5IH9D',
204 silly reify   'C:\\Users\\ive minutes\\Desktop\\ok\\node_modules\\consolidate': 'C:\\Users\\ive minutes\\Desktop\\ok\\node_modules\\.consolidate-dWQr4ldB',
204 silly reify   'C:\\Users\\ive minutes\\Desktop\\ok\\node_modules\\csstype': 'C:\\Users\\ive minutes\\Desktop\\ok\\node_modules\\.csstype-ZxZoI7vy',
204 silly reify   'C:\\Users\\ive minutes\\Desktop\\ok\\node_modules\\emojis-list': 'C:\\Users\\ive minutes\\Desktop\\ok\\node_modules\\.emojis-list-9eAux8bE',
204 silly reify   'C:\\Users\\ive minutes\\Desktop\\ok\\node_modules\\colorette': 'C:\\Users\\ive minutes\\Desktop\\ok\\node_modules\\.colorette-qVQhKEFi',
204 silly reify   'C:\\Users\\ive minutes\\Desktop\\ok\\node_modules\\esbuild': 'C:\\Users\\ive minutes\\Desktop\\ok\\node_modules\\.esbuild-Y1Nvouzo',
204 silly reify   'C:\\Users\\ive minutes\\Desktop\\ok\\node_modules\\bluebird': 'C:\\Users\\ive minutes\\Desktop\\ok\\node_modules\\.bluebird-g7685GO7',
204 silly reify   'C:\\Users\\ive minutes\\Desktop\\ok\\node_modules\\fsevents': 'C:\\Users\\ive minutes\\Desktop\\ok\\node_modules\\.fsevents-yozVkiY8',
204 silly reify   'C:\\Users\\ive minutes\\Desktop\\ok\\node_modules\\hash-sum': 'C:\\Users\\ive minutes\\Desktop\\ok\\node_modules\\.hash-sum-pDHj7UrD',
204 silly reify   'C:\\Users\\ive minutes\\Desktop\\ok\\node_modules\\function-bind': 'C:\\Users\\ive minutes\\Desktop\\ok\\node_modules\\.function-bind-iZGihW25',
204 silly reify   'C:\\Users\\ive minutes\\Desktop\\ok\\node_modules\\has': 'C:\\Users\\ive minutes\\Desktop\\ok\\node_modules\\.has-8pq0zAoy',
204 silly reify   'C:\\Users\\ive minutes\\Desktop\\ok\\node_modules\\generic-names': 'C:\\Users\\ive minutes\\Desktop\\ok\\node_modules\\.generic-names-4sGddmQj',
204 silly reify   'C:\\Users\\ive minutes\\Desktop\\ok\\node_modules\\icss-replace-symbols': 'C:\\Users\\ive minutes\\Desktop\\ok\\node_modules\\.icss-replace-symbols-X7EuKxDe',
204 silly reify   'C:\\Users\\ive minutes\\Desktop\\ok\\node_modules\\icss-utils': 'C:\\Users\\ive minutes\\Desktop\\ok\\node_modules\\.icss-utils-J0FwjuVN',
204 silly reify   'C:\\Users\\ive minutes\\Desktop\\ok\\node_modules\\is-core-module': 'C:\\Users\\ive minutes\\Desktop\\ok\\node_modules\\.is-core-module-Rsl9m5H7',
204 silly reify   'C:\\Users\\ive minutes\\Desktop\\ok\\node_modules\\lodash.camelcase': 'C:\\Users\\ive minutes\\Desktop\\ok\\node_modules\\.lodash.camelcase-6Lr6ur3R',
204 silly reify   'C:\\Users\\ive minutes\\Desktop\\ok\\node_modules\\loader-utils': 'C:\\Users\\ive minutes\\Desktop\\ok\\node_modules\\.loader-utils-8Tkf3DrK',
204 silly reify   'C:\\Users\\ive minutes\\Desktop\\ok\\node_modules\\json5': 'C:\\Users\\ive minutes\\Desktop\\ok\\node_modules\\.json5-2zrRfmOi',
204 silly reify   'C:\\Users\\ive minutes\\Desktop\\ok\\node_modules\\magic-string': 'C:\\Users\\ive minutes\\Desktop\\ok\\node_modules\\.magic-string-pAkNFQKX',
204 silly reify   'C:\\Users\\ive minutes\\Desktop\\ok\\node_modules\\merge-source-map': 'C:\\Users\\ive minutes\\Desktop\\ok\\node_modules\\.merge-source-map-4mH4iBDR',
204 silly reify   'C:\\Users\\ive minutes\\Desktop\\ok\\node_modules\\nanoid': 'C:\\Users\\ive minutes\\Desktop\\ok\\node_modules\\.nanoid-Ex3Dd8yL',
204 silly reify   'C:\\Users\\ive minutes\\Desktop\\ok\\node_modules\\minimist': 'C:\\Users\\ive minutes\\Desktop\\ok\\node_modules\\.minimist-hMMQv777',
204 silly reify   'C:\\Users\\ive minutes\\Desktop\\ok\\node_modules\\postcss': 'C:\\Users\\ive minutes\\Desktop\\ok\\node_modules\\.postcss-AUFezha5',
204 silly reify   'C:\\Users\\ive minutes\\Desktop\\ok\\node_modules\\postcss-modules': 'C:\\Users\\ive minutes\\Desktop\\ok\\node_modules\\.postcss-modules-sT9HoF8q',
204 silly reify   'C:\\Users\\ive minutes\\Desktop\\ok\\node_modules\\postcss-modules-local-by-default': 'C:\\Users\\ive minutes\\Desktop\\ok\\node_modules\\.postcss-modules-local-by-default-0NPD81yZ',
204 silly reify   'C:\\Users\\ive minutes\\Desktop\\ok\\node_modules\\postcss-modules-extract-imports': 'C:\\Users\\ive minutes\\Desktop\\ok\\node_modules\\.postcss-modules-extract-imports-4HDntDxD',
204 silly reify   'C:\\Users\\ive minutes\\Desktop\\ok\\node_modules\\postcss-modules-values': 'C:\\Users\\ive minutes\\Desktop\\ok\\node_modules\\.postcss-modules-values-wUpwigZm',
204 silly reify   'C:\\Users\\ive minutes\\Desktop\\ok\\node_modules\\postcss-modules-scope': 'C:\\Users\\ive minutes\\Desktop\\ok\\node_modules\\.postcss-modules-scope-2f3K98Mb',
204 silly reify   'C:\\Users\\ive minutes\\Desktop\\ok\\node_modules\\postcss-selector-parser': 'C:\\Users\\ive minutes\\Desktop\\ok\\node_modules\\.postcss-selector-parser-vxvnKB9X',
204 silly reify   'C:\\Users\\ive minutes\\Desktop\\ok\\node_modules\\resolve': 'C:\\Users\\ive minutes\\Desktop\\ok\\node_modules\\.resolve-5dRA4cru',
204 silly reify   'C:\\Users\\ive minutes\\Desktop\\ok\\node_modules\\postcss-value-parser': 'C:\\Users\\ive minutes\\Desktop\\ok\\node_modules\\.postcss-value-parser-vRQTsa8y',
204 silly reify   'C:\\Users\\ive minutes\\Desktop\\ok\\node_modules\\rollup': 'C:\\Users\\ive minutes\\Desktop\\ok\\node_modules\\.rollup-TtKl5OrL',
204 silly reify   'C:\\Users\\ive minutes\\Desktop\\ok\\node_modules\\source-map': 'C:\\Users\\ive minutes\\Desktop\\ok\\node_modules\\.source-map-VhO77Bkp',
204 silly reify   'C:\\Users\\ive minutes\\Desktop\\ok\\node_modules\\source-map-js': 'C:\\Users\\ive minutes\\Desktop\\ok\\node_modules\\.source-map-js-QOh3ZsPd',
204 silly reify   'C:\\Users\\ive minutes\\Desktop\\ok\\node_modules\\string-hash': 'C:\\Users\\ive minutes\\Desktop\\ok\\node_modules\\.string-hash-hYhf1RG9',
204 silly reify   'C:\\Users\\ive minutes\\Desktop\\ok\\node_modules\\to-fast-properties': 'C:\\Users\\ive minutes\\Desktop\\ok\\node_modules\\.to-fast-properties-qhe3Idwu',
204 silly reify   'C:\\Users\\ive minutes\\Desktop\\ok\\node_modules\\sourcemap-codec': 'C:\\Users\\ive minutes\\Desktop\\ok\\node_modules\\.sourcemap-codec-mTldV9XM',
204 silly reify   'C:\\Users\\ive minutes\\Desktop\\ok\\node_modules\\util-deprecate': 'C:\\Users\\ive minutes\\Desktop\\ok\\node_modules\\.util-deprecate-rw7lWeOR',
204 silly reify   'C:\\Users\\ive minutes\\Desktop\\ok\\node_modules\\vue': 'C:\\Users\\ive minutes\\Desktop\\ok\\node_modules\\.vue-Rz1thzDw',
204 silly reify   'C:\\Users\\ive minutes\\Desktop\\ok\\node_modules\\vite': 'C:\\Users\\ive minutes\\Desktop\\ok\\node_modules\\.vite-pBVxx3gs',
204 silly reify   'C:\\Users\\ive minutes\\Desktop\\ok\\node_modules\\@babel\\parser': 'C:\\Users\\ive minutes\\Desktop\\ok\\node_modules\\@babel\\.parser-p3a9rVnU',
204 silly reify   'C:\\Users\\ive minutes\\Desktop\\ok\\node_modules\\@babel\\helper-validator-identifier': 'C:\\Users\\ive minutes\\Desktop\\ok\\node_modules\\@babel\\.helper-validator-identifier-NWsiUBqp',
204 silly reify   'C:\\Users\\ive minutes\\Desktop\\ok\\node_modules\\@babel\\types': 'C:\\Users\\ive minutes\\Desktop\\ok\\node_modules\\@babel\\.types-kMdx3Uha',
204 silly reify   'C:\\Users\\ive minutes\\Desktop\\ok\\node_modules\\@types\\estree': 'C:\\Users\\ive minutes\\Desktop\\ok\\node_modules\\@types\\.estree-cuj9ZPmx',
204 silly reify   'C:\\Users\\ive minutes\\Desktop\\ok\\node_modules\\@vitejs\\plugin-vue': 'C:\\Users\\ive minutes\\Desktop\\ok\\node_modules\\@vitejs\\.plugin-vue-7QPhqRhH',
204 silly reify   'C:\\Users\\ive minutes\\Desktop\\ok\\node_modules\\@vue\\compiler-core': 'C:\\Users\\ive minutes\\Desktop\\ok\\node_modules\\@vue\\.compiler-core-gqZQs4k2',
204 silly reify   'C:\\Users\\ive minutes\\Desktop\\ok\\node_modules\\@vue\\compiler-dom': 'C:\\Users\\ive minutes\\Desktop\\ok\\node_modules\\@vue\\.compiler-dom-hgiAsrJF',
204 silly reify   'C:\\Users\\ive minutes\\Desktop\\ok\\node_modules\\@vue\\compiler-ssr': 'C:\\Users\\ive minutes\\Desktop\\ok\\node_modules\\@vue\\.compiler-ssr-ZirJwJpw',
204 silly reify   'C:\\Users\\ive minutes\\Desktop\\ok\\node_modules\\@vue\\compiler-sfc': 'C:\\Users\\ive minutes\\Desktop\\ok\\node_modules\\@vue\\.compiler-sfc-0sGhLrje',
204 silly reify   'C:\\Users\\ive minutes\\Desktop\\ok\\node_modules\\@vue\\reactivity': 'C:\\Users\\ive minutes\\Desktop\\ok\\node_modules\\@vue\\.reactivity-2WgiTN0h',
204 silly reify   'C:\\Users\\ive minutes\\Desktop\\ok\\node_modules\\@vue\\ref-transform': 'C:\\Users\\ive minutes\\Desktop\\ok\\node_modules\\@vue\\.ref-transform-yt3ND02c',
204 silly reify   'C:\\Users\\ive minutes\\Desktop\\ok\\node_modules\\@vue\\runtime-core': 'C:\\Users\\ive minutes\\Desktop\\ok\\node_modules\\@vue\\.runtime-core-WcG14TaR',
204 silly reify   'C:\\Users\\ive minutes\\Desktop\\ok\\node_modules\\@vue\\shared': 'C:\\Users\\ive minutes\\Desktop\\ok\\node_modules\\@vue\\.shared-VR9X1sYC',
204 silly reify   'C:\\Users\\ive minutes\\Desktop\\ok\\node_modules\\@vue\\runtime-dom': 'C:\\Users\\ive minutes\\Desktop\\ok\\node_modules\\@vue\\.runtime-dom-AEpR7bgY',
204 silly reify   'C:\\Users\\ive minutes\\Desktop\\ok\\node_modules\\lru-cache': 'C:\\Users\\ive minutes\\Desktop\\ok\\node_modules\\.lru-cache-kJfpD38E',
204 silly reify   'C:\\Users\\ive minutes\\Desktop\\ok\\node_modules\\yallist': 'C:\\Users\\ive minutes\\Desktop\\ok\\node_modules\\.yallist-NRG9v2SH'
204 silly reify }
205 timing reify:retireShallow Completed in 39ms
206 timing reify:createSparse Completed in 5ms
207 timing reify:loadBundles Completed in 0ms
208 silly audit bulk request {
208 silly audit   '@vitejs/plugin-vue': [ '1.6.0' ],
208 silly audit   '@vue/compiler-dom': [ '3.5.33' ],
208 silly audit   esbuild: [ '0.12.25' ],
208 silly audit   fsevents: [ '2.3.2' ],
208 silly audit   'function-bind': [ '1.1.1' ],
208 silly audit   has: [ '1.0.3' ],
208 silly audit   'is-core-module': [ '2.6.0' ],
208 silly audit   'path-parse': [ '1.0.7' ],
208 silly audit   resolve: [ '1.20.0' ],
208 silly audit   rollup: [ '2.56.3' ],
208 silly audit   vite: [ '2.5.3' ],
208 silly audit   'vue-router': [ '4.6.4' ],
208 silly audit   vue: [ '3.5.33' ],
208 silly audit   '@vue/compiler-sfc': [ '3.5.33' ],
208 silly audit   '@vue/runtime-dom': [ '3.5.33' ],
208 silly audit   '@vue/server-renderer': [ '3.5.33' ],
208 silly audit   '@vue/shared': [ '3.5.33' ],
208 silly audit   '@babel/parser': [ '7.29.2' ],
208 silly audit   '@vue/compiler-core': [ '3.5.33' ],
208 silly audit   '@vue/compiler-ssr': [ '3.5.33' ],
208 silly audit   'estree-walker': [ '2.0.2' ],
208 silly audit   'magic-string': [ '0.30.21' ],
208 silly audit   postcss: [ '8.5.10' ],
208 silly audit   'source-map-js': [ '1.2.1' ],
208 silly audit   '@babel/types': [ '7.29.0' ],
208 silly audit   '@babel/helper-string-parser': [ '7.27.1' ],
208 silly audit   '@babel/helper-validator-identifier': [ '7.28.5' ],
208 silly audit   entities: [ '7.0.1' ],
208 silly audit   '@vue/reactivity': [ '3.5.33' ],
208 silly audit   '@vue/runtime-core': [ '3.5.33' ],
208 silly audit   csstype: [ '3.2.3' ],
208 silly audit   '@jridgewell/sourcemap-codec': [ '1.5.5' ],
208 silly audit   nanoid: [ '3.3.11' ],
208 silly audit   picocolors: [ '1.1.1' ],
208 silly audit   '@vue/devtools-api': [ '6.6.4' ]
208 silly audit }
209 verbose reify failed optional dependency C:\Users\ive minutes\Desktop\ok\node_modules\fsevents
210 silly reify mark deleted [ 'C:\\Users\\ive minutes\\Desktop\\ok\\node_modules\\fsevents' ]
211 timing reifyNode:node_modules/fsevents Completed in 6ms
212 silly tarball no local data for @vue/devtools-api@https://registry.npmmirror.com/@vue/devtools-api/-/devtools-api-6.6.4.tgz. Extracting by manifest.
213 silly tarball no local data for entities@https://registry.npmmirror.com/entities/-/entities-7.0.1.tgz. Extracting by manifest.
214 silly tarball no local data for @vue/server-renderer@https://registry.npmmirror.com/@vue/server-renderer/-/server-renderer-3.5.33.tgz. Extracting by manifest.
215 silly tarball no local data for picocolors@https://registry.npmmirror.com/picocolors/-/picocolors-1.1.1.tgz. Extracting by manifest.
216 silly tarball no local data for @babel/helper-string-parser@https://registry.npmmirror.com/@babel/helper-string-parser/-/helper-string-parser-7.27.1.tgz. Extracting by manifest.
217 silly tarball no local data for @vue/runtime-dom@https://registry.npmmirror.com/@vue/runtime-dom/-/runtime-dom-3.5.33.tgz. Extracting by manifest.
218 silly tarball no local data for @jridgewell/sourcemap-codec@https://registry.npmmirror.com/@jridgewell/sourcemap-codec/-/sourcemap-codec-1.5.5.tgz. Extracting by manifest.
219 silly tarball no local data for vue-router@https://registry.npmmirror.com/vue-router/-/vue-router-4.6.4.tgz. Extracting by manifest.
220 silly tarball no local data for @vue/runtime-core@https://registry.npmmirror.com/@vue/runtime-core/-/runtime-core-3.5.33.tgz. Extracting by manifest.
221 silly tarball no local data for @vue/shared@https://registry.npmmirror.com/@vue/shared/-/shared-3.5.33.tgz. Extracting by manifest.
222 silly tarball no local data for @vue/reactivity@https://registry.npmmirror.com/@vue/reactivity/-/reactivity-3.5.33.tgz. Extracting by manifest.
223 silly tarball no local data for @vue/compiler-sfc@https://registry.npmmirror.com/@vue/compiler-sfc/-/compiler-sfc-3.5.33.tgz. Extracting by manifest.
224 silly tarball no local data for @vue/compiler-dom@https://registry.npmmirror.com/@vue/compiler-dom/-/compiler-dom-3.5.33.tgz. Extracting by manifest.
225 silly tarball no local data for @babel/types@https://registry.npmmirror.com/@babel/types/-/types-7.29.0.tgz. Extracting by manifest.
226 silly tarball no local data for @vue/compiler-ssr@https://registry.npmmirror.com/@vue/compiler-ssr/-/compiler-ssr-3.5.33.tgz. Extracting by manifest.
227 silly tarball no local data for @vue/compiler-core@https://registry.npmmirror.com/@vue/compiler-core/-/compiler-core-3.5.33.tgz. Extracting by manifest.
228 silly tarball no local data for @babel/helper-validator-identifier@https://registry.npmmirror.com/@babel/helper-validator-identifier/-/helper-validator-identifier-7.28.5.tgz. Extracting by manifest.
229 silly tarball no local data for @babel/parser@https://registry.npmmirror.com/@babel/parser/-/parser-7.29.2.tgz. Extracting by manifest.
230 silly tarball no local data for vite@https://registry.npmmirror.com/vite/-/vite-2.5.3.tgz. Extracting by manifest.
231 silly tarball no local data for @vitejs/plugin-vue@https://registry.npmmirror.com/@vitejs/plugin-vue/-/plugin-vue-1.6.0.tgz. Extracting by manifest.
232 silly tarball no local data for vue@https://registry.npmmirror.com/vue/-/vue-3.5.33.tgz. Extracting by manifest.
233 silly tarball no local data for rollup@https://registry.npmmirror.com/rollup/-/rollup-2.56.3.tgz. Extracting by manifest.
234 silly tarball no local data for resolve@https://registry.npmmirror.com/resolve/-/resolve-1.20.0.tgz. Extracting by manifest.
235 silly tarball no local data for source-map-js@https://registry.npmmirror.com/source-map-js/-/source-map-js-1.2.1.tgz. Extracting by manifest.
236 silly tarball no local data for postcss@https://registry.npmmirror.com/postcss/-/postcss-8.5.10.tgz. Extracting by manifest.
237 silly tarball no local data for is-core-module@https://registry.npmmirror.com/is-core-module/-/is-core-module-2.6.0.tgz. Extracting by manifest.
238 silly tarball no local data for has@https://registry.npmmirror.com/has/-/has-1.0.3.tgz. Extracting by manifest.
239 silly tarball no local data for function-bind@https://registry.npmmirror.com/function-bind/-/function-bind-1.1.1.tgz. Extracting by manifest.
240 silly tarball no local data for magic-string@https://registry.npmmirror.com/magic-string/-/magic-string-0.30.21.tgz. Extracting by manifest.
241 silly tarball no local data for csstype@https://registry.npmmirror.com/csstype/-/csstype-3.2.3.tgz. Extracting by manifest.
242 silly tarball no local data for esbuild@https://registry.npmmirror.com/esbuild/-/esbuild-0.12.25.tgz. Extracting by manifest.
243 silly tarball no local data for nanoid@https://registry.npmmirror.com/nanoid/-/nanoid-3.3.11.tgz. Extracting by manifest.
244 http fetch POST 404 https://registry.npmmirror.com/-/npm/v1/security/advisories/bulk 70ms
245 silly audit bulk request failed [object Object]
246 http fetch POST 404 https://registry.npmmirror.com/-/npm/v1/security/audits/quick 126ms
247 verbose audit error HttpErrorGeneral: 404 Not Found - POST https://registry.npmmirror.com/-/npm/v1/security/audits/quick - [NOT_IMPLEMENTED] /-/npm/v1/security/* not implemented yet
247 verbose audit error     at C:\Program Files (x86)\nodejs\node_modules\npm\node_modules\npm-registry-fetch\lib\check-response.js:95:15
247 verbose audit error     at process.processTicksAndRejections (node:internal/process/task_queues:95:5)
247 verbose audit error     at async [getReport] (C:\Program Files (x86)\nodejs\node_modules\npm\node_modules\@npmcli\arborist\lib\audit-report.js:335:21)
247 verbose audit error     at async AuditReport.run (C:\Program Files (x86)\nodejs\node_modules\npm\node_modules\@npmcli\arborist\lib\audit-report.js:106:19) {
247 verbose audit error   headers: [Object: null prototype] {
247 verbose audit error     server: [ 'Tengine' ],
247 verbose audit error     date: [ 'Wed, 22 Apr 2026 12:52:54 GMT' ],
247 verbose audit error     'content-type': [ 'application/json' ],
247 verbose audit error     'transfer-encoding': [ 'chunked' ],
247 verbose audit error     connection: [ 'keep-alive' ],
247 verbose audit error     'strict-transport-security': [ 'max-age=5184000' ],
247 verbose audit error     via: [ 'kunlun9.cn9408[,404666]' ],
247 verbose audit error     'timing-allow-origin': [ '*' ],
247 verbose audit error     eagleid: [ '7b06c30e17768623740951568e' ],
247 verbose audit error     'x-fetch-attempts': [ '1' ]
247 verbose audit error   },
247 verbose audit error   statusCode: 404,
247 verbose audit error   code: 'E404',
247 verbose audit error   method: 'POST',
247 verbose audit error   uri: 'https://registry.npmmirror.com/-/npm/v1/security/audits/quick',
247 verbose audit error   body: {
247 verbose audit error     error: '[NOT_IMPLEMENTED] /-/npm/v1/security/* not implemented yet'
247 verbose audit error   },
247 verbose audit error   pkgid: undefined
247 verbose audit error }
248 silly audit error [object Object]
249 timing auditReport:getReport Completed in 212ms
250 silly audit report null
251 timing reify:audit Completed in 212ms
252 http fetch GET 200 https://cdn.npmmirror.com/packages/picocolors/1.1.1/picocolors-1.1.1.tgz 469ms (cache miss)
253 timing reifyNode:node_modules/picocolors Completed in 498ms
254 http fetch GET 200 https://cdn.npmmirror.com/packages/%40babel/helper-string-parser/7.27.1/helper-string-parser-7.27.1.tgz 489ms (cache miss)
255 timing reifyNode:node_modules/@babel/helper-string-parser Completed in 554ms
256 http fetch GET 200 https://cdn.npmmirror.com/packages/%40jridgewell/sourcemap-codec/1.5.5/sourcemap-codec-1.5.5.tgz 667ms (cache miss)
257 timing reifyNode:node_modules/@jridgewell/sourcemap-codec Completed in 705ms
258 http fetch GET 200 https://cdn.npmmirror.com/packages/has/1.0.3/has-1.0.3.tgz 679ms (cache miss)
259 timing reifyNode:node_modules/has Completed in 716ms
260 http fetch GET 200 https://cdn.npmmirror.com/packages/function-bind/1.1.1/function-bind-1.1.1.tgz 686ms (cache miss)
261 http fetch GET 200 https://cdn.npmmirror.com/packages/%40babel/helper-validator-identifier/7.28.5/helper-validator-identifier-7.28.5.tgz 719ms (cache miss)
262 http fetch GET 200 https://cdn.npmmirror.com/packages/nanoid/3.3.11/nanoid-3.3.11.tgz 696ms (cache miss)
263 http fetch GET 200 https://cdn.npmmirror.com/packages/%40vue/server-renderer/3.5.33/server-renderer-3.5.33.tgz 737ms (cache miss)
264 timing reifyNode:node_modules/@vue/server-renderer Completed in 761ms
265 http fetch GET 200 https://cdn.npmmirror.com/packages/%40vue/shared/3.5.33/shared-3.5.33.tgz 758ms (cache miss)
266 http fetch GET 200 https://cdn.npmmirror.com/packages/%40vue/runtime-core/3.5.33/runtime-core-3.5.33.tgz 787ms (cache miss)
267 timing reifyNode:node_modules/@vue/runtime-core Completed in 805ms
268 timing reifyNode:node_modules/@babel/helper-validator-identifier Completed in 817ms
269 http fetch GET 200 https://cdn.npmmirror.com/packages/is-core-module/2.6.0/is-core-module-2.6.0.tgz 791ms (cache miss)
270 http fetch GET 200 https://cdn.npmmirror.com/packages/%40vue/compiler-ssr/3.5.33/compiler-ssr-3.5.33.tgz 803ms (cache miss)
271 timing reifyNode:node_modules/@vue/compiler-ssr Completed in 824ms
272 timing reifyNode:node_modules/function-bind Completed in 826ms
273 timing reifyNode:node_modules/is-core-module Completed in 828ms
274 http fetch GET 200 https://cdn.npmmirror.com/packages/esbuild/0.12.25/esbuild-0.12.25.tgz 786ms (cache miss)
275 timing reifyNode:node_modules/esbuild Completed in 832ms
276 timing reifyNode:node_modules/@vue/shared Completed in 838ms
277 http fetch GET 200 https://cdn.npmmirror.com/packages/%40vitejs/plugin-vue/1.6.0/plugin-vue-1.6.0.tgz 858ms (cache miss)
278 timing reifyNode:node_modules/@vitejs/plugin-vue Completed in 882ms
279 http fetch GET 200 https://cdn.npmmirror.com/packages/%40vue/devtools-api/6.6.4/devtools-api-6.6.4.tgz 881ms (cache miss)
280 timing reifyNode:node_modules/@vue/devtools-api Completed in 902ms
281 http fetch GET 200 https://cdn.npmmirror.com/packages/%40vue/reactivity/3.5.33/reactivity-3.5.33.tgz 886ms (cache miss)
282 timing reifyNode:node_modules/@vue/reactivity Completed in 912ms
283 http fetch GET 200 https://cdn.npmmirror.com/packages/source-map-js/1.2.1/source-map-js-1.2.1.tgz 889ms (cache miss)
284 http fetch GET 200 https://cdn.npmmirror.com/packages/%40vue/compiler-core/3.5.33/compiler-core-3.5.33.tgz 893ms (cache miss)
285 timing reifyNode:node_modules/@vue/compiler-core Completed in 919ms
286 timing reifyNode:node_modules/source-map-js Completed in 921ms
287 http fetch GET 200 https://cdn.npmmirror.com/packages/magic-string/0.30.21/magic-string-0.30.21.tgz 896ms (cache miss)
288 timing reifyNode:node_modules/magic-string Completed in 927ms
289 http fetch GET 200 https://cdn.npmmirror.com/packages/%40vue/compiler-dom/3.5.33/compiler-dom-3.5.33.tgz 929ms (cache miss)
290 http fetch GET 200 https://cdn.npmmirror.com/packages/%40vue/runtime-dom/3.5.33/runtime-dom-3.5.33.tgz 934ms (cache miss)
291 timing reifyNode:node_modules/@vue/runtime-dom Completed in 951ms
292 timing reifyNode:node_modules/nanoid Completed in 954ms
293 timing reifyNode:node_modules/@vue/compiler-dom Completed in 955ms
294 http fetch GET 200 https://cdn.npmmirror.com/packages/csstype/3.2.3/csstype-3.2.3.tgz 917ms (cache miss)
295 timing reifyNode:node_modules/csstype Completed in 962ms
296 http fetch GET 200 https://cdn.npmmirror.com/packages/vue-router/4.6.4/vue-router-4.6.4.tgz 951ms (cache miss)
297 timing reifyNode:node_modules/vue-router Completed in 974ms
298 http fetch GET 200 https://cdn.npmmirror.com/packages/%40babel/parser/7.29.2/parser-7.29.2.tgz 984ms (cache miss)
299 timing reifyNode:node_modules/@babel/parser Completed in 1007ms
300 http fetch GET 200 https://cdn.npmmirror.com/packages/%40vue/compiler-sfc/3.5.33/compiler-sfc-3.5.33.tgz 1014ms (cache miss)
301 timing reifyNode:node_modules/@vue/compiler-sfc Completed in 1035ms
302 http fetch GET 200 https://cdn.npmmirror.com/packages/postcss/8.5.10/postcss-8.5.10.tgz 1033ms (cache miss)
303 timing reifyNode:node_modules/postcss Completed in 1061ms
304 http fetch GET 200 https://cdn.npmmirror.com/packages/vue/3.5.33/vue-3.5.33.tgz 1121ms (cache miss)
305 timing reifyNode:node_modules/vue Completed in 1147ms
306 http fetch GET 200 https://cdn.npmmirror.com/packages/entities/7.0.1/entities-7.0.1.tgz 1136ms (cache miss)
307 timing reifyNode:node_modules/entities Completed in 1153ms
308 http fetch GET 200 https://cdn.npmmirror.com/packages/resolve/1.20.0/resolve-1.20.0.tgz 1148ms (cache miss)
309 timing reifyNode:node_modules/resolve Completed in 1173ms
310 http fetch GET 200 https://cdn.npmmirror.com/packages/rollup/2.56.3/rollup-2.56.3.tgz 1417ms (cache miss)
311 timing reifyNode:node_modules/rollup Completed in 1441ms
312 http fetch GET 200 https://cdn.npmmirror.com/packages/%40babel/types/7.29.0/types-7.29.0.tgz 1467ms (cache miss)
313 timing reifyNode:node_modules/@babel/types Completed in 1489ms
314 http fetch GET 200 https://cdn.npmmirror.com/packages/vite/2.5.3/vite-2.5.3.tgz 1798ms (cache miss)
315 timing reifyNode:node_modules/vite Completed in 1824ms
316 timing reify:unpack Completed in 1825ms
317 timing reify:unretire Completed in 1ms
318 timing build:queue Completed in 3ms
319 timing build:link:node_modules/vite Completed in 15ms
320 timing build:link:node_modules/esbuild Completed in 16ms
321 timing build:link:node_modules/@babel/parser Completed in 31ms
322 timing build:link:node_modules/nanoid Completed in 37ms
323 timing build:link:node_modules/rollup Completed in 46ms
324 timing build:link Completed in 47ms
325 info run esbuild@0.12.25 postinstall node_modules/esbuild node install.js
326 info run esbuild@0.12.25 postinstall { code: undefined, signal: undefined }
327 notice
327 notice New major version of npm available! 10.2.3 -> 11.12.1
327 notice Changelog: <https://github.com/npm/cli/releases/tag/v11.12.1>
327 notice Run `npm install -g npm@11.12.1` to update!
327 notice
328 verbose stack Error: spawn EPERM
328 verbose stack     at ChildProcess.spawn (node:internal/child_process:414:11)
328 verbose stack     at spawn (node:child_process:761:9)
328 verbose stack     at C:\Program Files (x86)\nodejs\node_modules\npm\node_modules\@npmcli\promise-spawn\lib\index.js:18:12
328 verbose stack     at new Promise (<anonymous>)
328 verbose stack     at promiseSpawn (C:\Program Files (x86)\nodejs\node_modules\npm\node_modules\@npmcli\promise-spawn\lib\index.js:17:13)
328 verbose stack     at spawnWithShell (C:\Program Files (x86)\nodejs\node_modules\npm\node_modules\@npmcli\promise-spawn\lib\index.js:123:10)
328 verbose stack     at promiseSpawn (C:\Program Files (x86)\nodejs\node_modules\npm\node_modules\@npmcli\promise-spawn\lib\index.js:12:12)
328 verbose stack     at runScriptPkg (C:\Program Files (x86)\nodejs\node_modules\npm\node_modules\@npmcli\run-script\lib\run-script-pkg.js:79:13)
328 verbose stack     at runScript (C:\Program Files (x86)\nodejs\node_modules\npm\node_modules\@npmcli\run-script\lib\run-script.js:9:16)
328 verbose stack     at Array.<anonymous> (C:\Program Files (x86)\nodejs\node_modules\npm\node_modules\@npmcli\arborist\lib\arborist\rebuild.js:363:17)
329 verbose cwd C:\Users\ive minutes\Desktop\ok
330 verbose Windows_NT 10.0.22621
331 verbose node v18.19.0
332 verbose npm  v10.2.3
333 error code EPERM
334 error syscall spawn
335 error errno -4048
336 error Error: spawn EPERM
336 error     at ChildProcess.spawn (node:internal/child_process:414:11)
336 error     at spawn (node:child_process:761:9)
336 error     at C:\Program Files (x86)\nodejs\node_modules\npm\node_modules\@npmcli\promise-spawn\lib\index.js:18:12
336 error     at new Promise (<anonymous>)
336 error     at promiseSpawn (C:\Program Files (x86)\nodejs\node_modules\npm\node_modules\@npmcli\promise-spawn\lib\index.js:17:13)
336 error     at spawnWithShell (C:\Program Files (x86)\nodejs\node_modules\npm\node_modules\@npmcli\promise-spawn\lib\index.js:123:10)
336 error     at promiseSpawn (C:\Program Files (x86)\nodejs\node_modules\npm\node_modules\@npmcli\promise-spawn\lib\index.js:12:12)
336 error     at runScriptPkg (C:\Program Files (x86)\nodejs\node_modules\npm\node_modules\@npmcli\run-script\lib\run-script-pkg.js:79:13)
336 error     at runScript (C:\Program Files (x86)\nodejs\node_modules\npm\node_modules\@npmcli\run-script\lib\run-script.js:9:16)
336 error     at Array.<anonymous> (C:\Program Files (x86)\nodejs\node_modules\npm\node_modules\@npmcli\arborist\lib\arborist\rebuild.js:363:17) {
336 error   errno: -4048,
336 error   code: 'EPERM',
336 error   syscall: 'spawn'
336 error }
337 error
337 error The operation was rejected by your operating system.
337 error It's possible that the file was already in use (by a text editor or antivirus),
337 error or that you lack permissions to access it.
337 error
337 error If you believe this might be a permissions issue, please double-check the
337 error permissions of the file and its containing directories, or try running
337 error the command again as root/Administrator.
338 verbose exit -4048
339 timing npm Completed in 4013ms
340 verbose unfinished npm timer command:install 1776862373002
341 verbose unfinished npm timer reify 1776862373004
342 verbose unfinished npm timer reify:build 1776862376342
343 verbose unfinished npm timer build 1776862376343
344 verbose unfinished npm timer build:deps 1776862376343
345 verbose unfinished npm timer build:run:postinstall 1776862376393
346 verbose unfinished npm timer build:run:postinstall:node_modules/esbuild 1776862376393
347 verbose unfinished npm timer reify:rollback:createSparse 1776862376432
348 verbose code -4048
349 error A complete log of this run can be found in: C:\Users\ive minutes\Desktop\ok\.npm-cache\_logs\2026-04-22T12_52_52_429Z-debug-0.log
