0 verbose cli C:\Program Files (x86)\nodejs\node.exe C:\Program Files (x86)\nodejs\node_modules\npm\bin\npm-cli.js
1 info using npm@10.2.3
2 info using node@v18.19.0
3 timing npm:load:whichnode Completed in 1ms
4 timing config:load:defaults Completed in 2ms
5 timing config:load:file:C:\Program Files (x86)\nodejs\node_modules\npm\npmrc Completed in 3ms
6 timing config:load:builtin Completed in 3ms
7 timing config:load:cli Completed in 2ms
8 timing config:load:env Completed in 0ms
9 timing config:load:file:C:\Users\ive minutes\Desktop\ok\.npmrc Completed in 0ms
10 timing config:load:project Completed in 1ms
11 timing config:load:file:C:\Users\ive minutes\.npmrc Completed in 0ms
12 timing config:load:user Completed in 1ms
13 timing config:load:file:C:\Program Files (x86)\nodejs\node_global\etc\npmrc Completed in 0ms
14 timing config:load:global Completed in 0ms
15 timing config:load:setEnvs Completed in 1ms
16 timing config:load Completed in 10ms
17 timing npm:load:configload Completed in 10ms
18 timing config:load:flatten Completed in 2ms
19 timing npm:load:mkdirpcache Completed in 0ms
20 timing npm:load:mkdirplogs Completed in 1ms
21 verbose title npm install lucide-vue-next
22 verbose argv "install" "lucide-vue-next" "--cache" ".npm-cache"
23 timing npm:load:setTitle Completed in 1ms
24 timing npm:load:display Completed in 0ms
25 verbose logfile logs-max:10 dir:C:\Users\ive minutes\Desktop\ok\.npm-cache\_logs\2026-05-03T11_58_31_773Z-
26 verbose logfile C:\Users\ive minutes\Desktop\ok\.npm-cache\_logs\2026-05-03T11_58_31_773Z-debug-0.log
27 timing npm:load:logFile Completed in 9ms
28 timing npm:load:timers Completed in 0ms
29 timing npm:load:configScope Completed in 0ms
30 timing npm:load Completed in 51ms
31 timing arborist:ctor Completed in 1ms
32 silly logfile done cleaning log files
33 timing idealTree:init Completed in 23ms
34 timing idealTree:userRequests Completed in 1ms
35 silly idealTree buildDeps
36 silly fetch manifest lucide-vue-next@*
37 verbose shrinkwrap failed to load node_modules/.package-lock.json out of date, updated: node_modules
38 http fetch GET 200 https://registry.npmmirror.com/npm 412ms (cache updated)
39 http fetch GET 200 https://registry.npmmirror.com/lucide-vue-next 413ms (cache miss)
40 silly fetch manifest vue@^3.2.8
41 http fetch GET 200 https://registry.npmmirror.com/vue 70ms (cache revalidated)
42 silly fetch manifest typescript@*
43 http fetch GET 200 https://registry.npmmirror.com/typescript 106ms (cache revalidated)
44 silly placeDep ROOT lucide-vue-next@1.0.0 OK for: vue3_cli_default@0.0.0 want: *
45 timing idealTree:#root Completed in 659ms
46 timing idealTree:node_modules/lucide-vue-next Completed in 0ms
47 timing idealTree:buildDeps Completed in 659ms
48 timing idealTree:fixDepFlags Completed in 0ms
49 timing idealTree Completed in 686ms
50 timing reify:loadTrees Completed in 687ms
51 timing reify:diffTrees Completed in 6ms
52 silly reify moves {}
53 timing reify:retireShallow Completed in 1ms
54 timing reify:createSparse Completed in 2ms
55 timing reify:loadBundles Completed in 0ms
56 silly audit bulk request {
56 silly audit   '@babel/helper-string-parser': [ '7.27.1' ],
56 silly audit   '@babel/helper-validator-identifier': [ '7.28.5' ],
56 silly audit   '@babel/parser': [ '7.29.2' ],
56 silly audit   '@babel/types': [ '7.29.0' ],
56 silly audit   '@jridgewell/sourcemap-codec': [ '1.5.5' ],
56 silly audit   '@vitejs/plugin-vue': [ '1.6.0' ],
56 silly audit   '@vue/compiler-core': [ '3.5.33' ],
56 silly audit   '@vue/compiler-dom': [ '3.5.33' ],
56 silly audit   '@vue/compiler-sfc': [ '3.5.33' ],
56 silly audit   '@vue/compiler-ssr': [ '3.5.33' ],
56 silly audit   '@vue/devtools-api': [ '6.6.4' ],
56 silly audit   '@vue/reactivity': [ '3.5.33' ],
56 silly audit   '@vue/runtime-core': [ '3.5.33' ],
56 silly audit   '@vue/runtime-dom': [ '3.5.33' ],
56 silly audit   '@vue/server-renderer': [ '3.5.33' ],
56 silly audit   '@vue/shared': [ '3.5.33' ],
56 silly audit   csstype: [ '3.2.3' ],
56 silly audit   entities: [ '7.0.1' ],
56 silly audit   esbuild: [ '0.12.25' ],
56 silly audit   'estree-walker': [ '2.0.2' ],
56 silly audit   fsevents: [ '2.3.2' ],
56 silly audit   'function-bind': [ '1.1.1' ],
56 silly audit   has: [ '1.0.3' ],
56 silly audit   'is-core-module': [ '2.6.0' ],
56 silly audit   'magic-string': [ '0.30.21' ],
56 silly audit   nanoid: [ '3.3.11' ],
56 silly audit   'path-parse': [ '1.0.7' ],
56 silly audit   picocolors: [ '1.1.1' ],
56 silly audit   postcss: [ '8.5.10' ],
56 silly audit   resolve: [ '1.20.0' ],
56 silly audit   rollup: [ '2.56.3' ],
56 silly audit   'source-map-js': [ '1.2.1' ],
56 silly audit   vite: [ '2.5.3' ],
56 silly audit   vue: [ '3.5.33' ],
56 silly audit   'vue-router': [ '4.6.4' ],
56 silly audit   'lucide-vue-next': [ '1.0.0' ]
56 silly audit }
57 verbose reify failed optional dependency C:\Users\ive minutes\Desktop\ok\node_modules\fsevents
58 silly reify mark deleted [ 'C:\\Users\\ive minutes\\Desktop\\ok\\node_modules\\fsevents' ]
59 timing reifyNode:node_modules/fsevents Completed in 4ms
60 silly tarball no local data for lucide-vue-next@https://registry.npmmirror.com/lucide-vue-next/-/lucide-vue-next-1.0.0.tgz. Extracting by manifest.
61 http fetch POST 404 https://registry.npmmirror.com/-/npm/v1/security/advisories/bulk 51ms
62 silly audit bulk request failed [object Object]
63 http fetch POST 404 https://registry.npmmirror.com/-/npm/v1/security/audits/quick 41ms
64 verbose audit error HttpErrorGeneral: 404 Not Found - POST https://registry.npmmirror.com/-/npm/v1/security/audits/quick - [NOT_IMPLEMENTED] /-/npm/v1/security/* not implemented yet
64 verbose audit error     at C:\Program Files (x86)\nodejs\node_modules\npm\node_modules\npm-registry-fetch\lib\check-response.js:95:15
64 verbose audit error     at process.processTicksAndRejections (node:internal/process/task_queues:95:5)
64 verbose audit error     at async [getReport] (C:\Program Files (x86)\nodejs\node_modules\npm\node_modules\@npmcli\arborist\lib\audit-report.js:335:21)
64 verbose audit error     at async AuditReport.run (C:\Program Files (x86)\nodejs\node_modules\npm\node_modules\@npmcli\arborist\lib\audit-report.js:106:19) {
64 verbose audit error   headers: [Object: null prototype] {
64 verbose audit error     server: [ 'Tengine' ],
64 verbose audit error     date: [ 'Sun, 03 May 2026 11:58:33 GMT' ],
64 verbose audit error     'content-type': [ 'application/json' ],
64 verbose audit error     'transfer-encoding': [ 'chunked' ],
64 verbose audit error     connection: [ 'keep-alive' ],
64 verbose audit error     'strict-transport-security': [ 'max-age=5184000' ],
64 verbose audit error     via: [ 'kunlun6.cn9408[,404666]' ],
64 verbose audit error     'timing-allow-origin': [ '*' ],
64 verbose audit error     eagleid: [ '7b06c30b17778095131045416e' ],
64 verbose audit error     'x-fetch-attempts': [ '1' ]
64 verbose audit error   },
64 verbose audit error   statusCode: 404,
64 verbose audit error   code: 'E404',
64 verbose audit error   method: 'POST',
64 verbose audit error   uri: 'https://registry.npmmirror.com/-/npm/v1/security/audits/quick',
64 verbose audit error   body: {
64 verbose audit error     error: '[NOT_IMPLEMENTED] /-/npm/v1/security/* not implemented yet'
64 verbose audit error   },
64 verbose audit error   pkgid: undefined
64 verbose audit error }
65 silly audit error [object Object]
66 timing auditReport:getReport Completed in 112ms
67 silly audit report null
68 timing reify:audit Completed in 112ms
69 http fetch GET 200 https://cdn.npmmirror.com/packages/lucide-vue-next/1.0.0/lucide-vue-next-1.0.0.tgz 4695ms (cache miss)
70 timing reifyNode:node_modules/lucide-vue-next Completed in 4706ms
71 timing reify:unpack Completed in 4707ms
72 timing reify:unretire Completed in 1ms
73 timing build:queue Completed in 1ms
74 timing build:deps Completed in 1ms
75 timing build Completed in 1ms
76 timing reify:build Completed in 1ms
77 timing reify:trash Completed in 0ms
78 timing reify:save Completed in 40ms
79 timing reify Completed in 5479ms
80 silly ADD node_modules/lucide-vue-next
81 silly ADD
82 timing command:install Completed in 5484ms
83 notice
83 notice New major version of npm available! 10.2.3 -> 11.13.0
83 notice Changelog: <https://github.com/npm/cli/releases/tag/v11.13.0>
83 notice Run `npm install -g npm@11.13.0` to update!
83 notice
84 verbose exit 0
85 timing npm Completed in 5965ms
86 info ok
