0 verbose cli C:\Program Files (x86)\nodejs\node.exe C:\Program Files (x86)\nodejs\node_modules\npm\bin\npm-cli.js
1 info using npm@10.2.3
2 info using node@v18.19.0
3 timing npm:load:whichnode Completed in 4ms
4 timing config:load:defaults Completed in 2ms
5 timing config:load:file:C:\Program Files (x86)\nodejs\node_modules\npm\npmrc Completed in 4ms
6 timing config:load:builtin Completed in 4ms
7 timing config:load:cli Completed in 2ms
8 timing config:load:env Completed in 1ms
9 timing config:load:file:C:\Users\ive minutes\Desktop\ok\.npmrc Completed in 1ms
10 timing config:load:project Completed in 2ms
11 timing config:load:file:C:\Users\ive minutes\.npmrc Completed in 1ms
12 timing config:load:user Completed in 1ms
13 timing config:load:file:C:\Program Files (x86)\nodejs\node_global\etc\npmrc Completed in 0ms
14 timing config:load:global Completed in 0ms
15 timing config:load:setEnvs Completed in 1ms
16 timing config:load Completed in 13ms
17 timing npm:load:configload Completed in 13ms
18 timing config:load:flatten Completed in 2ms
19 timing npm:load:mkdirpcache Completed in 0ms
20 timing npm:load:mkdirplogs Completed in 0ms
21 verbose title npm install vue-router@4
22 verbose argv "install" "vue-router@4" "--cache" ".npm-cache"
23 timing npm:load:setTitle Completed in 1ms
24 timing npm:load:display Completed in 1ms
25 verbose logfile logs-max:10 dir:C:\Users\ive minutes\Desktop\ok\.npm-cache\_logs\2026-04-22T12_53_19_210Z-
26 verbose logfile C:\Users\ive minutes\Desktop\ok\.npm-cache\_logs\2026-04-22T12_53_19_210Z-debug-0.log
27 timing npm:load:logFile Completed in 9ms
28 timing npm:load:timers Completed in 0ms
29 timing npm:load:configScope Completed in 0ms
30 timing npm:load Completed in 61ms
31 timing arborist:ctor Completed in 0ms
32 silly logfile done cleaning log files
33 timing idealTree:init Completed in 32ms
34 timing idealTree:userRequests Completed in 1ms
35 silly idealTree buildDeps
36 silly fetch manifest vue-router@4
37 http fetch GET 200 https://registry.npmmirror.com/vue-router 169ms (cache hit)
38 silly fetch manifest vue@^3.2.8
39 http fetch GET 200 https://registry.npmmirror.com/vue 12ms (cache hit)
40 silly fetch manifest typescript@*
41 http fetch GET 200 https://registry.npmmirror.com/typescript 22ms (cache hit)
42 silly placeDep ROOT vue-router@4.6.4 OK for: vue3_cli_default@0.0.0 want: 4
43 silly placeDep ROOT vue@3.5.33 REPLACE for: vue-router@4.6.4 want: ^3.5.0
44 silly fetch manifest @vue/devtools-api@^6.6.4
45 silly fetch manifest @vue/shared@3.5.33
46 silly fetch manifest @vue/compiler-dom@3.5.33
47 silly fetch manifest @vue/runtime-dom@3.5.33
48 silly fetch manifest @vue/compiler-sfc@3.5.33
49 silly fetch manifest @vue/server-renderer@3.5.33
50 http fetch GET 200 https://registry.npmmirror.com/@vue%2fruntime-dom 22ms (cache hit)
51 http fetch GET 200 https://registry.npmmirror.com/@vue%2fcompiler-dom 25ms (cache hit)
52 http fetch GET 200 https://registry.npmmirror.com/@vue%2fdevtools-api 28ms (cache hit)
53 http fetch GET 200 https://registry.npmmirror.com/@vue%2fshared 29ms (cache hit)
54 http fetch GET 200 https://registry.npmmirror.com/@vue%2fserver-renderer 33ms (cache hit)
55 http fetch GET 200 https://registry.npmmirror.com/@vue%2fcompiler-sfc 36ms (cache hit)
56 timing idealTree:#root Completed in 304ms
57 silly fetch manifest vue@3.5.33
58 silly placeDep node_modules/vue @vue/compiler-dom@3.5.33 OK for: vue@3.5.33 want: 3.5.33
59 silly fetch manifest @vue/compiler-core@3.5.33
60 silly placeDep ROOT @vue/compiler-sfc@3.5.33 REPLACE for: vue@3.5.33 want: 3.5.33
61 silly fetch manifest @babel/parser@^7.29.2
62 silly fetch manifest estree-walker@^2.0.2
63 silly fetch manifest magic-string@^0.30.21
64 silly fetch manifest postcss@^8.5.10
65 silly fetch manifest source-map-js@^1.2.1
66 silly fetch manifest @vue/compiler-ssr@3.5.33
67 silly placeDep ROOT @vue/runtime-dom@3.5.33 OK for: vue@3.5.33 want: 3.5.33
68 silly fetch manifest csstype@^3.2.3
69 silly fetch manifest @vue/runtime-core@3.5.33
70 silly fetch manifest @vue/reactivity@3.5.33
71 silly placeDep ROOT @vue/server-renderer@3.5.33 OK for: vue@3.5.33 want: 3.5.33
72 silly placeDep ROOT @vue/shared@3.5.33 OK for: vue@3.5.33 want: 3.5.33
73 http fetch GET 200 https://registry.npmmirror.com/source-map-js 30ms (cache hit)
74 http fetch GET 200 https://registry.npmmirror.com/magic-string 34ms (cache hit)
75 http fetch GET 200 https://registry.npmmirror.com/@vue%2freactivity 33ms (cache hit)
76 http fetch GET 200 https://registry.npmmirror.com/csstype 35ms (cache hit)
77 http fetch GET 200 https://registry.npmmirror.com/@vue%2fcompiler-core 44ms (cache hit)
78 http fetch GET 200 https://registry.npmmirror.com/estree-walker 43ms (cache hit)
79 http fetch GET 200 https://registry.npmmirror.com/@vue%2fcompiler-ssr 43ms (cache hit)
80 http fetch GET 200 https://registry.npmmirror.com/@babel%2fparser 46ms (cache hit)
81 http fetch GET 200 https://registry.npmmirror.com/@vue%2fruntime-core 45ms (cache hit)
82 http fetch GET 200 https://registry.npmmirror.com/postcss 50ms (cache hit)
83 timing idealTree:node_modules/vue Completed in 61ms
84 silly placeDep ROOT @babel/parser@7.29.2 OK for: @vue/compiler-sfc@3.5.33 want: ^7.29.2
85 silly fetch manifest @babel/types@^7.29.0
86 silly placeDep ROOT @vue/compiler-core@3.5.33 OK for: @vue/compiler-sfc@3.5.33 want: 3.5.33
87 silly fetch manifest entities@^7.0.1
88 silly placeDep ROOT @vue/compiler-dom@3.5.33 OK for: @vue/compiler-sfc@3.5.33 want: 3.5.33
89 silly placeDep ROOT @vue/compiler-ssr@3.5.33 OK for: @vue/compiler-sfc@3.5.33 want: 3.5.33
90 silly placeDep ROOT estree-walker@2.0.2 OK for: @vue/compiler-sfc@3.5.33 want: ^2.0.2
91 silly placeDep ROOT magic-string@0.30.21 OK for: @vue/compiler-sfc@3.5.33 want: ^0.30.21
92 silly fetch manifest @jridgewell/sourcemap-codec@^1.5.5
93 silly placeDep ROOT postcss@8.5.10 REPLACE for: @vue/compiler-sfc@3.5.33 want: ^8.5.10
94 silly fetch manifest nanoid@^3.3.11
95 silly fetch manifest picocolors@^1.1.1
96 silly placeDep ROOT source-map-js@1.2.1 OK for: @vue/compiler-sfc@3.5.33 want: ^1.2.1
97 http fetch GET 200 https://registry.npmmirror.com/picocolors 19ms (cache hit)
98 http fetch GET 200 https://registry.npmmirror.com/@babel%2ftypes 33ms (cache hit)
99 http fetch GET 200 https://registry.npmmirror.com/@jridgewell%2fsourcemap-codec 27ms (cache hit)
100 http fetch GET 200 https://registry.npmmirror.com/nanoid 25ms (cache hit)
101 http fetch GET 200 https://registry.npmmirror.com/entities 37ms (cache hit)
102 timing idealTree:node_modules/@vue/compiler-sfc Completed in 46ms
103 silly placeDep ROOT @babel/types@7.29.0 OK for: @babel/parser@7.29.2 want: ^7.29.0
104 silly fetch manifest @babel/helper-string-parser@^7.27.1
105 silly fetch manifest @babel/helper-validator-identifier@^7.28.5
106 http fetch GET 200 https://registry.npmmirror.com/@babel%2fhelper-string-parser 10ms (cache hit)
107 http fetch GET 200 https://registry.npmmirror.com/@babel%2fhelper-validator-identifier 10ms (cache hit)
108 timing idealTree:node_modules/@babel/parser Completed in 14ms
109 silly placeDep ROOT @babel/helper-string-parser@7.27.1 OK for: @babel/types@7.29.0 want: ^7.27.1
110 silly placeDep ROOT @babel/helper-validator-identifier@7.28.5 OK for: @babel/types@7.29.0 want: ^7.28.5
111 timing idealTree:node_modules/@babel/types Completed in 3ms
112 timing idealTree:node_modules/@babel/helper-string-parser Completed in 0ms
113 timing idealTree:node_modules/@babel/helper-validator-identifier Completed in 0ms
114 silly placeDep ROOT entities@7.0.1 OK for: @vue/compiler-core@3.5.33 want: ^7.0.1
115 timing idealTree:node_modules/@vue/compiler-core Completed in 2ms
116 timing idealTree:node_modules/@vue/compiler-dom Completed in 0ms
117 timing idealTree:node_modules/@vue/compiler-ssr Completed in 0ms
118 silly placeDep ROOT @vue/reactivity@3.5.33 OK for: @vue/runtime-dom@3.5.33 want: 3.5.33
119 silly placeDep ROOT @vue/runtime-core@3.5.33 OK for: @vue/runtime-dom@3.5.33 want: 3.5.33
120 silly placeDep ROOT csstype@3.2.3 OK for: @vue/runtime-dom@3.5.33 want: ^3.2.3
121 timing idealTree:node_modules/@vue/runtime-dom Completed in 5ms
122 timing idealTree:node_modules/@vue/reactivity Completed in 0ms
123 timing idealTree:node_modules/@vue/runtime-core Completed in 0ms
124 timing idealTree:node_modules/@vue/server-renderer Completed in 0ms
125 timing idealTree:node_modules/@vue/shared Completed in 0ms
126 timing idealTree:node_modules/csstype Completed in 0ms
127 timing idealTree:node_modules/entities Completed in 0ms
128 timing idealTree:node_modules/estree-walker Completed in 0ms
129 silly placeDep ROOT @jridgewell/sourcemap-codec@1.5.5 OK for: magic-string@0.30.21 want: ^1.5.5
130 timing idealTree:node_modules/magic-string Completed in 2ms
131 timing idealTree:node_modules/@jridgewell/sourcemap-codec Completed in 0ms
132 silly placeDep ROOT nanoid@3.3.11 OK for: postcss@8.5.10 want: ^3.3.11
133 silly placeDep ROOT picocolors@1.1.1 OK for: postcss@8.5.10 want: ^1.1.1
134 timing idealTree:node_modules/postcss Completed in 3ms
135 timing idealTree:node_modules/nanoid Completed in 0ms
136 timing idealTree:node_modules/picocolors Completed in 0ms
137 timing idealTree:node_modules/source-map-js Completed in 0ms
138 silly placeDep ROOT @vue/devtools-api@6.6.4 OK for: vue-router@4.6.4 want: ^6.6.4
139 timing idealTree:node_modules/vue-router Completed in 0ms
140 timing idealTree:node_modules/@vue/devtools-api Completed in 0ms
141 timing idealTree:buildDeps Completed in 444ms
142 timing idealTree:fixDepFlags Completed in 0ms
143 timing idealTree Completed in 481ms
144 timing reify:loadTrees Completed in 481ms
145 timing reify:diffTrees Completed in 3ms
146 silly reify mark retired [ 'C:\\Users\\ive minutes\\Desktop\\ok\\node_modules\\fsevents' ]
147 silly reify mark retired [ 'C:\\Users\\ive minutes\\Desktop\\ok\\node_modules\\picocolors' ]
148 silly reify mark retired [ 'C:\\Users\\ive minutes\\Desktop\\ok\\node_modules\\csstype' ]
149 silly reify mark retired [ 'C:\\Users\\ive minutes\\Desktop\\ok\\node_modules\\magic-string' ]
150 silly reify mark retired [ 'C:\\Users\\ive minutes\\Desktop\\ok\\node_modules\\entities' ]
151 silly reify mark retired [
151 silly reify   'C:\\Users\\ive minutes\\Desktop\\ok\\node_modules\\nanoid',
151 silly reify   'C:\\Users\\ive minutes\\Desktop\\ok\\node_modules\\.bin\\nanoid',
151 silly reify   'C:\\Users\\ive minutes\\Desktop\\ok\\node_modules\\.bin\\nanoid.cmd',
151 silly reify   'C:\\Users\\ive minutes\\Desktop\\ok\\node_modules\\.bin\\nanoid.ps1'
151 silly reify ]
152 silly reify mark retired [ 'C:\\Users\\ive minutes\\Desktop\\ok\\node_modules\\postcss' ]
153 silly reify mark retired [ 'C:\\Users\\ive minutes\\Desktop\\ok\\node_modules\\vue' ]
154 silly reify mark retired [ 'C:\\Users\\ive minutes\\Desktop\\ok\\node_modules\\source-map-js' ]
155 silly reify mark retired [ 'C:\\Users\\ive minutes\\Desktop\\ok\\node_modules\\vue-router' ]
156 silly reify mark retired [
156 silly reify   'C:\\Users\\ive minutes\\Desktop\\ok\\node_modules\\@babel\\helper-validator-identifier'
156 silly reify ]
157 silly reify mark retired [
157 silly reify   'C:\\Users\\ive minutes\\Desktop\\ok\\node_modules\\@babel\\helper-string-parser'
157 silly reify ]
158 silly reify mark retired [ 'C:\\Users\\ive minutes\\Desktop\\ok\\node_modules\\@babel\\types' ]
159 silly reify mark retired [
159 silly reify   'C:\\Users\\ive minutes\\Desktop\\ok\\node_modules\\@vue\\compiler-core'
159 silly reify ]
160 silly reify mark retired [
160 silly reify   'C:\\Users\\ive minutes\\Desktop\\ok\\node_modules\\@jridgewell\\sourcemap-codec'
160 silly reify ]
161 silly reify mark retired [
161 silly reify   'C:\\Users\\ive minutes\\Desktop\\ok\\node_modules\\@vue\\compiler-dom'
161 silly reify ]
162 silly reify mark retired [
162 silly reify   'C:\\Users\\ive minutes\\Desktop\\ok\\node_modules\\@babel\\parser',
162 silly reify   'C:\\Users\\ive minutes\\Desktop\\ok\\node_modules\\.bin\\parser',
162 silly reify   'C:\\Users\\ive minutes\\Desktop\\ok\\node_modules\\.bin\\parser.cmd',
162 silly reify   'C:\\Users\\ive minutes\\Desktop\\ok\\node_modules\\.bin\\parser.ps1'
162 silly reify ]
163 silly reify mark retired [
163 silly reify   'C:\\Users\\ive minutes\\Desktop\\ok\\node_modules\\@vue\\compiler-sfc'
163 silly reify ]
164 silly reify mark retired [
164 silly reify   'C:\\Users\\ive minutes\\Desktop\\ok\\node_modules\\@vue\\compiler-ssr'
164 silly reify ]
165 silly reify mark retired [
165 silly reify   'C:\\Users\\ive minutes\\Desktop\\ok\\node_modules\\@vue\\runtime-core'
165 silly reify ]
166 silly reify mark retired [
166 silly reify   'C:\\Users\\ive minutes\\Desktop\\ok\\node_modules\\@vue\\reactivity'
166 silly reify ]
167 silly reify mark retired [
167 silly reify   'C:\\Users\\ive minutes\\Desktop\\ok\\node_modules\\@vue\\devtools-api'
167 silly reify ]
168 silly reify mark retired [
168 silly reify   'C:\\Users\\ive minutes\\Desktop\\ok\\node_modules\\@vue\\server-renderer'
168 silly reify ]
169 silly reify mark retired [
169 silly reify   'C:\\Users\\ive minutes\\Desktop\\ok\\node_modules\\@vue\\runtime-dom'
169 silly reify ]
170 silly reify mark retired [ 'C:\\Users\\ive minutes\\Desktop\\ok\\node_modules\\@vue\\shared' ]
171 silly reify moves {
171 silly reify   'C:\\Users\\ive minutes\\Desktop\\ok\\node_modules\\fsevents': 'C:\\Users\\ive minutes\\Desktop\\ok\\node_modules\\.fsevents-yozVkiY8',
171 silly reify   'C:\\Users\\ive minutes\\Desktop\\ok\\node_modules\\picocolors': 'C:\\Users\\ive minutes\\Desktop\\ok\\node_modules\\.picocolors-2FbuSpoY',
171 silly reify   'C:\\Users\\ive minutes\\Desktop\\ok\\node_modules\\csstype': 'C:\\Users\\ive minutes\\Desktop\\ok\\node_modules\\.csstype-ZxZoI7vy',
171 silly reify   'C:\\Users\\ive minutes\\Desktop\\ok\\node_modules\\magic-string': 'C:\\Users\\ive minutes\\Desktop\\ok\\node_modules\\.magic-string-pAkNFQKX',
171 silly reify   'C:\\Users\\ive minutes\\Desktop\\ok\\node_modules\\entities': 'C:\\Users\\ive minutes\\Desktop\\ok\\node_modules\\.entities-nsJ52UDr',
171 silly reify   'C:\\Users\\ive minutes\\Desktop\\ok\\node_modules\\nanoid': 'C:\\Users\\ive minutes\\Desktop\\ok\\node_modules\\.nanoid-Ex3Dd8yL',
171 silly reify   'C:\\Users\\ive minutes\\Desktop\\ok\\node_modules\\.bin\\nanoid': 'C:\\Users\\ive minutes\\Desktop\\ok\\node_modules\\.bin\\.nanoid-doZjQadX',
171 silly reify   'C:\\Users\\ive minutes\\Desktop\\ok\\node_modules\\.bin\\nanoid.cmd': 'C:\\Users\\ive minutes\\Desktop\\ok\\node_modules\\.bin\\.nanoid.cmd-ysZGIvKb',
171 silly reify   'C:\\Users\\ive minutes\\Desktop\\ok\\node_modules\\.bin\\nanoid.ps1': 'C:\\Users\\ive minutes\\Desktop\\ok\\node_modules\\.bin\\.nanoid.ps1-Y1TDLdO9',
171 silly reify   'C:\\Users\\ive minutes\\Desktop\\ok\\node_modules\\postcss': 'C:\\Users\\ive minutes\\Desktop\\ok\\node_modules\\.postcss-AUFezha5',
171 silly reify   'C:\\Users\\ive minutes\\Desktop\\ok\\node_modules\\vue': 'C:\\Users\\ive minutes\\Desktop\\ok\\node_modules\\.vue-Rz1thzDw',
171 silly reify   'C:\\Users\\ive minutes\\Desktop\\ok\\node_modules\\source-map-js': 'C:\\Users\\ive minutes\\Desktop\\ok\\node_modules\\.source-map-js-QOh3ZsPd',
171 silly reify   'C:\\Users\\ive minutes\\Desktop\\ok\\node_modules\\vue-router': 'C:\\Users\\ive minutes\\Desktop\\ok\\node_modules\\.vue-router-g20x5dUa',
171 silly reify   'C:\\Users\\ive minutes\\Desktop\\ok\\node_modules\\@babel\\helper-validator-identifier': 'C:\\Users\\ive minutes\\Desktop\\ok\\node_modules\\@babel\\.helper-validator-identifier-NWsiUBqp',
171 silly reify   'C:\\Users\\ive minutes\\Desktop\\ok\\node_modules\\@babel\\helper-string-parser': 'C:\\Users\\ive minutes\\Desktop\\ok\\node_modules\\@babel\\.helper-string-parser-7LxxPtqs',
171 silly reify   'C:\\Users\\ive minutes\\Desktop\\ok\\node_modules\\@babel\\types': 'C:\\Users\\ive minutes\\Desktop\\ok\\node_modules\\@babel\\.types-kMdx3Uha',
171 silly reify   'C:\\Users\\ive minutes\\Desktop\\ok\\node_modules\\@vue\\compiler-core': 'C:\\Users\\ive minutes\\Desktop\\ok\\node_modules\\@vue\\.compiler-core-gqZQs4k2',
171 silly reify   'C:\\Users\\ive minutes\\Desktop\\ok\\node_modules\\@jridgewell\\sourcemap-codec': 'C:\\Users\\ive minutes\\Desktop\\ok\\node_modules\\@jridgewell\\.sourcemap-codec-Hp6iT364',
171 silly reify   'C:\\Users\\ive minutes\\Desktop\\ok\\node_modules\\@vue\\compiler-dom': 'C:\\Users\\ive minutes\\Desktop\\ok\\node_modules\\@vue\\.compiler-dom-hgiAsrJF',
171 silly reify   'C:\\Users\\ive minutes\\Desktop\\ok\\node_modules\\@babel\\parser': 'C:\\Users\\ive minutes\\Desktop\\ok\\node_modules\\@babel\\.parser-p3a9rVnU',
171 silly reify   'C:\\Users\\ive minutes\\Desktop\\ok\\node_modules\\.bin\\parser': 'C:\\Users\\ive minutes\\Desktop\\ok\\node_modules\\.bin\\.parser-cRCN7t4H',
171 silly reify   'C:\\Users\\ive minutes\\Desktop\\ok\\node_modules\\.bin\\parser.cmd': 'C:\\Users\\ive minutes\\Desktop\\ok\\node_modules\\.bin\\.parser.cmd-fBP9l6Wz',
171 silly reify   'C:\\Users\\ive minutes\\Desktop\\ok\\node_modules\\.bin\\parser.ps1': 'C:\\Users\\ive minutes\\Desktop\\ok\\node_modules\\.bin\\.parser.ps1-DGpuzGIC',
171 silly reify   'C:\\Users\\ive minutes\\Desktop\\ok\\node_modules\\@vue\\compiler-sfc': 'C:\\Users\\ive minutes\\Desktop\\ok\\node_modules\\@vue\\.compiler-sfc-0sGhLrje',
171 silly reify   'C:\\Users\\ive minutes\\Desktop\\ok\\node_modules\\@vue\\compiler-ssr': 'C:\\Users\\ive minutes\\Desktop\\ok\\node_modules\\@vue\\.compiler-ssr-ZirJwJpw',
171 silly reify   'C:\\Users\\ive minutes\\Desktop\\ok\\node_modules\\@vue\\runtime-core': 'C:\\Users\\ive minutes\\Desktop\\ok\\node_modules\\@vue\\.runtime-core-WcG14TaR',
171 silly reify   'C:\\Users\\ive minutes\\Desktop\\ok\\node_modules\\@vue\\reactivity': 'C:\\Users\\ive minutes\\Desktop\\ok\\node_modules\\@vue\\.reactivity-2WgiTN0h',
171 silly reify   'C:\\Users\\ive minutes\\Desktop\\ok\\node_modules\\@vue\\devtools-api': 'C:\\Users\\ive minutes\\Desktop\\ok\\node_modules\\@vue\\.devtools-api-aRRYMeft',
171 silly reify   'C:\\Users\\ive minutes\\Desktop\\ok\\node_modules\\@vue\\server-renderer': 'C:\\Users\\ive minutes\\Desktop\\ok\\node_modules\\@vue\\.server-renderer-uBsUq60W',
171 silly reify   'C:\\Users\\ive minutes\\Desktop\\ok\\node_modules\\@vue\\runtime-dom': 'C:\\Users\\ive minutes\\Desktop\\ok\\node_modules\\@vue\\.runtime-dom-AEpR7bgY',
171 silly reify   'C:\\Users\\ive minutes\\Desktop\\ok\\node_modules\\@vue\\shared': 'C:\\Users\\ive minutes\\Desktop\\ok\\node_modules\\@vue\\.shared-VR9X1sYC'
171 silly reify }
172 timing reify:retireShallow Completed in 195ms
173 timing reify:createSparse Completed in 26ms
174 timing reify:loadBundles Completed in 0ms
175 silly audit bulk request {
175 silly audit   '@vitejs/plugin-vue': [ '1.6.0' ],
175 silly audit   '@vue/compiler-dom': [ '3.5.33' ],
175 silly audit   esbuild: [ '0.12.25' ],
175 silly audit   fsevents: [ '2.3.2' ],
175 silly audit   'function-bind': [ '1.1.1' ],
175 silly audit   has: [ '1.0.3' ],
175 silly audit   'is-core-module': [ '2.6.0' ],
175 silly audit   'path-parse': [ '1.0.7' ],
175 silly audit   resolve: [ '1.20.0' ],
175 silly audit   rollup: [ '2.56.3' ],
175 silly audit   vite: [ '2.5.3' ],
175 silly audit   'vue-router': [ '4.6.4' ],
175 silly audit   vue: [ '3.5.33' ],
175 silly audit   '@vue/compiler-sfc': [ '3.5.33' ],
175 silly audit   '@vue/runtime-dom': [ '3.5.33' ],
175 silly audit   '@vue/server-renderer': [ '3.5.33' ],
175 silly audit   '@vue/shared': [ '3.5.33' ],
175 silly audit   '@babel/parser': [ '7.29.2' ],
175 silly audit   '@vue/compiler-core': [ '3.5.33' ],
175 silly audit   '@vue/compiler-ssr': [ '3.5.33' ],
175 silly audit   'estree-walker': [ '2.0.2' ],
175 silly audit   'magic-string': [ '0.30.21' ],
175 silly audit   postcss: [ '8.5.10' ],
175 silly audit   'source-map-js': [ '1.2.1' ],
175 silly audit   '@babel/types': [ '7.29.0' ],
175 silly audit   '@babel/helper-string-parser': [ '7.27.1' ],
175 silly audit   '@babel/helper-validator-identifier': [ '7.28.5' ],
175 silly audit   entities: [ '7.0.1' ],
175 silly audit   '@vue/reactivity': [ '3.5.33' ],
175 silly audit   '@vue/runtime-core': [ '3.5.33' ],
175 silly audit   csstype: [ '3.2.3' ],
175 silly audit   '@jridgewell/sourcemap-codec': [ '1.5.5' ],
175 silly audit   nanoid: [ '3.3.11' ],
175 silly audit   picocolors: [ '1.1.1' ],
175 silly audit   '@vue/devtools-api': [ '6.6.4' ]
175 silly audit }
176 verbose reify failed optional dependency C:\Users\ive minutes\Desktop\ok\node_modules\fsevents
177 silly reify mark deleted [ 'C:\\Users\\ive minutes\\Desktop\\ok\\node_modules\\fsevents' ]
178 timing reifyNode:node_modules/fsevents Completed in 37ms
179 http fetch POST 404 https://registry.npmmirror.com/-/npm/v1/security/advisories/bulk 181ms
180 silly audit bulk request failed [object Object]
181 timing reifyNode:node_modules/@vue/compiler-ssr Completed in 232ms
182 timing reifyNode:node_modules/@babel/helper-string-parser Completed in 232ms
183 timing reifyNode:node_modules/picocolors Completed in 244ms
184 http fetch POST 404 https://registry.npmmirror.com/-/npm/v1/security/audits/quick 51ms
185 verbose audit error HttpErrorGeneral: 404 Not Found - POST https://registry.npmmirror.com/-/npm/v1/security/audits/quick - [NOT_IMPLEMENTED] /-/npm/v1/security/* not implemented yet
185 verbose audit error     at C:\Program Files (x86)\nodejs\node_modules\npm\node_modules\npm-registry-fetch\lib\check-response.js:95:15
185 verbose audit error     at process.processTicksAndRejections (node:internal/process/task_queues:95:5)
185 verbose audit error     at async [getReport] (C:\Program Files (x86)\nodejs\node_modules\npm\node_modules\@npmcli\arborist\lib\audit-report.js:335:21)
185 verbose audit error     at async AuditReport.run (C:\Program Files (x86)\nodejs\node_modules\npm\node_modules\@npmcli\arborist\lib\audit-report.js:106:19) {
185 verbose audit error   headers: [Object: null prototype] {
185 verbose audit error     server: [ 'Tengine' ],
185 verbose audit error     date: [ 'Wed, 22 Apr 2026 12:53:19 GMT' ],
185 verbose audit error     'content-type': [ 'application/json' ],
185 verbose audit error     'transfer-encoding': [ 'chunked' ],
185 verbose audit error     connection: [ 'keep-alive' ],
185 verbose audit error     'strict-transport-security': [ 'max-age=5184000' ],
185 verbose audit error     via: [ 'kunlun2.cn9408[,404666]' ],
185 verbose audit error     'timing-allow-origin': [ '*' ],
185 verbose audit error     eagleid: [ '7b06c30717768623999697464e' ],
185 verbose audit error     'x-fetch-attempts': [ '1' ]
185 verbose audit error   },
185 verbose audit error   statusCode: 404,
185 verbose audit error   code: 'E404',
185 verbose audit error   method: 'POST',
185 verbose audit error   uri: 'https://registry.npmmirror.com/-/npm/v1/security/audits/quick',
185 verbose audit error   body: {
185 verbose audit error     error: '[NOT_IMPLEMENTED] /-/npm/v1/security/* not implemented yet'
185 verbose audit error   },
185 verbose audit error   pkgid: undefined
185 verbose audit error }
186 silly audit error [object Object]
187 timing auditReport:getReport Completed in 259ms
188 silly audit report null
189 timing reify:audit Completed in 259ms
190 timing reifyNode:node_modules/@vue/shared Completed in 262ms
191 timing reifyNode:node_modules/@babel/helper-validator-identifier Completed in 262ms
192 timing reifyNode:node_modules/@vue/server-renderer Completed in 295ms
193 timing reifyNode:node_modules/@vue/reactivity Completed in 299ms
194 timing reifyNode:node_modules/@vue/compiler-core Completed in 299ms
195 timing reifyNode:node_modules/magic-string Completed in 302ms
196 timing reifyNode:node_modules/source-map-js Completed in 309ms
197 timing reifyNode:node_modules/@vue/runtime-core Completed in 314ms
198 timing reifyNode:node_modules/csstype Completed in 314ms
199 timing reifyNode:node_modules/@vue/compiler-dom Completed in 317ms
200 timing reifyNode:node_modules/nanoid Completed in 325ms
201 timing reifyNode:node_modules/@jridgewell/sourcemap-codec Completed in 329ms
202 timing reifyNode:node_modules/@vue/runtime-dom Completed in 338ms
203 timing reifyNode:node_modules/@babel/parser Completed in 343ms
204 timing reifyNode:node_modules/vue-router Completed in 343ms
205 timing reifyNode:node_modules/@vue/compiler-sfc Completed in 350ms
206 timing reifyNode:node_modules/@vue/devtools-api Completed in 357ms
207 timing reifyNode:node_modules/postcss Completed in 380ms
208 timing reifyNode:node_modules/vue Completed in 397ms
209 timing reifyNode:node_modules/entities Completed in 448ms
210 timing reifyNode:node_modules/@babel/types Completed in 631ms
211 timing reify:unpack Completed in 633ms
212 timing reify:unretire Completed in 0ms
213 timing build:queue Completed in 2ms
214 timing build:link:node_modules/nanoid Completed in 13ms
215 timing build:link:node_modules/@babel/parser Completed in 15ms
216 timing build:link Completed in 15ms
217 timing build:deps Completed in 17ms
218 timing build Completed in 17ms
219 timing reify:build Completed in 18ms
220 timing reify:trash Completed in 147ms
221 timing reify:save Completed in 19ms
222 timing reify Completed in 1542ms
223 silly CHANGE node_modules/@vue/shared
224 silly CHANGE node_modules/@vue/runtime-dom
225 silly CHANGE node_modules/@vue/server-renderer
226 silly CHANGE node_modules/@vue/devtools-api
227 silly CHANGE node_modules/@vue/reactivity
228 silly CHANGE node_modules/@vue/runtime-core
229 silly CHANGE node_modules/@vue/compiler-ssr
230 silly CHANGE node_modules/@vue/compiler-sfc
231 silly CHANGE node_modules/@babel/parser
232 silly CHANGE node_modules/@vue/compiler-dom
233 silly CHANGE node_modules/@jridgewell/sourcemap-codec
234 silly CHANGE node_modules/@vue/compiler-core
235 silly CHANGE node_modules/@babel/types
236 silly CHANGE node_modules/@babel/helper-string-parser
237 silly CHANGE node_modules/@babel/helper-validator-identifier
238 silly CHANGE node_modules/vue-router
239 silly CHANGE node_modules/source-map-js
240 silly CHANGE node_modules/vue
241 silly CHANGE node_modules/postcss
242 silly CHANGE node_modules/nanoid
243 silly CHANGE node_modules/entities
244 silly CHANGE node_modules/magic-string
245 silly CHANGE node_modules/csstype
246 silly CHANGE node_modules/picocolors
247 silly CHANGE node_modules/fsevents
248 timing command:install Completed in 1547ms
249 verbose exit 0
250 timing npm Completed in 1960ms
251 info ok
